time_sec,clients,run,cpu_usr,cpu_sys,cpu_idle
2,1,1,%usr,%sys,%idle
3,1,1,93.00,0.00,7.00
5,1,1,%usr,%sys,%idle
6,1,1,100.00,0.00,0.00
8,1,1,%usr,%sys,%idle
9,1,1,100.00,0.00,0.00
11,1,1,%usr,%sys,%idle
12,1,1,100.00,0.00,0.00
14,1,1,%usr,%sys,%idle
15,1,1,100.00,0.00,0.00
17,1,1,%usr,%sys,%idle
18,1,1,100.00,0.00,0.00
20,1,1,%usr,%sys,%idle
21,1,1,100.00,0.00,0.00
23,1,1,%usr,%sys,%idle
24,1,1,100.00,0.00,0.00
26,1,1,%usr,%sys,%idle
27,1,1,100.00,0.00,0.00
29,1,1,%usr,%sys,%idle
30,1,1,100.00,0.00,0.00
32,1,1,%usr,%sys,%idle
33,1,1,100.00,0.00,0.00
35,1,1,%usr,%sys,%idle
36,1,1,100.00,0.00,0.00
38,1,1,%usr,%sys,%idle
39,1,1,100.00,0.00,0.00
41,1,1,%usr,%sys,%idle
42,1,1,100.00,0.00,0.00
44,1,1,%usr,%sys,%idle
45,1,1,100.00,0.00,0.00
47,1,1,%usr,%sys,%idle
48,1,1,100.00,0.00,0.00
50,1,1,%usr,%sys,%idle
51,1,1,100.00,0.00,0.00
53,1,1,%usr,%sys,%idle
54,1,1,100.00,0.00,0.00
56,1,1,%usr,%sys,%idle
57,1,1,100.00,0.00,0.00
59,1,1,%usr,%sys,%idle
60,1,1,100.00,0.00,0.00
62,1,1,%usr,%sys,%idle
63,1,1,100.00,0.00,0.00
65,1,1,%usr,%sys,%idle
66,1,1,100.00,0.00,0.00
68,1,1,%usr,%sys,%idle
69,1,1,100.00,0.00,0.00
71,1,1,%usr,%sys,%idle
72,1,1,100.00,0.00,0.00
74,1,1,%usr,%sys,%idle
75,1,1,100.00,0.00,0.00
77,1,1,%usr,%sys,%idle
78,1,1,100.00,0.00,0.00
80,1,1,%usr,%sys,%idle
81,1,1,100.00,0.00,0.00
83,1,1,%usr,%sys,%idle
84,1,1,100.00,0.00,0.00
86,1,1,%usr,%sys,%idle
87,1,1,100.00,0.00,0.00
89,1,1,%usr,%sys,%idle
90,1,1,100.00,0.00,0.00
92,1,1,%usr,%sys,%idle
93,1,1,100.00,0.00,0.00
95,1,1,%usr,%sys,%idle
96,1,1,100.00,0.00,0.00
98,1,1,%usr,%sys,%idle
99,1,1,100.00,0.00,0.00
101,1,1,%usr,%sys,%idle
102,1,1,100.00,0.00,0.00
104,1,1,%usr,%sys,%idle
105,1,1,100.00,0.00,0.00
107,1,1,%usr,%sys,%idle
108,1,1,100.00,0.00,0.00
110,1,1,%usr,%sys,%idle
111,1,1,100.00,0.00,0.00
113,1,1,%usr,%sys,%idle
114,1,1,100.00,0.00,0.00
116,1,1,%usr,%sys,%idle
117,1,1,100.00,0.00,0.00
119,1,1,%usr,%sys,%idle
120,1,1,100.00,0.00,0.00
122,1,1,%usr,%sys,%idle
123,1,1,100.00,0.00,0.00
125,1,1,%usr,%sys,%idle
126,1,1,100.00,0.00,0.00
128,1,1,%usr,%sys,%idle
129,1,1,100.00,0.00,0.00
131,1,1,%usr,%sys,%idle
132,1,1,100.00,0.00,0.00
134,1,1,%usr,%sys,%idle
135,1,1,100.00,0.00,0.00
137,1,1,%usr,%sys,%idle
138,1,1,100.00,0.00,0.00
140,1,1,%usr,%sys,%idle
141,1,1,100.00,0.00,0.00
143,1,1,%usr,%sys,%idle
144,1,1,100.00,0.00,0.00
146,1,1,%usr,%sys,%idle
147,1,1,100.00,0.00,0.00
149,1,1,%usr,%sys,%idle
150,1,1,100.00,0.00,0.00
152,1,1,%usr,%sys,%idle
153,1,1,100.00,0.00,0.00
155,1,1,%usr,%sys,%idle
156,1,1,100.00,0.00,0.00
158,1,1,%usr,%sys,%idle
159,1,1,100.00,0.00,0.00
161,1,1,%usr,%sys,%idle
162,1,1,100.00,0.00,0.00
164,1,1,%usr,%sys,%idle
165,1,1,100.00,0.00,0.00
167,1,1,%usr,%sys,%idle
168,1,1,100.00,0.00,0.00
170,1,1,%usr,%sys,%idle
171,1,1,100.00,0.00,0.00
173,1,1,%usr,%sys,%idle
174,1,1,100.00,0.00,0.00
176,1,1,%usr,%sys,%idle
177,1,1,100.00,0.00,0.00
179,1,1,%usr,%sys,%idle
180,1,1,100.00,0.00,0.00
181,1,2,%usr,%sys,%idle
182,1,2,93.00,0.00,7.00
184,1,2,%usr,%sys,%idle
185,1,2,100.00,0.00,0.00
187,1,2,%usr,%sys,%idle
188,1,2,100.00,0.00,0.00
190,1,2,%usr,%sys,%idle
191,1,2,100.00,0.00,0.00
193,1,2,%usr,%sys,%idle
194,1,2,100.00,0.00,0.00
196,1,2,%usr,%sys,%idle
197,1,2,100.00,0.00,0.00
199,1,2,%usr,%sys,%idle
200,1,2,100.00,0.00,0.00
202,1,2,%usr,%sys,%idle
203,1,2,100.00,0.00,0.00
205,1,2,%usr,%sys,%idle
206,1,2,100.00,0.00,0.00
208,1,2,%usr,%sys,%idle
209,1,2,100.00,0.00,0.00
211,1,2,%usr,%sys,%idle
212,1,2,100.00,0.00,0.00
214,1,2,%usr,%sys,%idle
215,1,2,100.00,0.00,0.00
217,1,2,%usr,%sys,%idle
218,1,2,100.00,0.00,0.00
220,1,2,%usr,%sys,%idle
221,1,2,100.00,0.00,0.00
223,1,2,%usr,%sys,%idle
224,1,2,100.00,0.00,0.00
226,1,2,%usr,%sys,%idle
227,1,2,100.00,0.00,0.00
229,1,2,%usr,%sys,%idle
230,1,2,100.00,0.00,0.00
232,1,2,%usr,%sys,%idle
233,1,2,100.00,0.00,0.00
235,1,2,%usr,%sys,%idle
236,1,2,100.00,0.00,0.00
238,1,2,%usr,%sys,%idle
239,1,2,100.00,0.00,0.00
241,1,2,%usr,%sys,%idle
242,1,2,100.00,0.00,0.00
244,1,2,%usr,%sys,%idle
245,1,2,100.00,0.00,0.00
247,1,2,%usr,%sys,%idle
248,1,2,100.00,0.00,0.00
250,1,2,%usr,%sys,%idle
251,1,2,100.00,0.00,0.00
253,1,2,%usr,%sys,%idle
254,1,2,100.00,0.00,0.00
256,1,2,%usr,%sys,%idle
257,1,2,100.00,0.00,0.00
259,1,2,%usr,%sys,%idle
260,1,2,100.00,0.00,0.00
262,1,2,%usr,%sys,%idle
263,1,2,100.00,0.00,0.00
265,1,2,%usr,%sys,%idle
266,1,2,100.00,0.00,0.00
268,1,2,%usr,%sys,%idle
269,1,2,100.00,0.00,0.00
271,1,2,%usr,%sys,%idle
272,1,2,100.00,0.00,0.00
274,1,2,%usr,%sys,%idle
275,1,2,100.00,0.00,0.00
277,1,2,%usr,%sys,%idle
278,1,2,100.00,0.00,0.00
280,1,2,%usr,%sys,%idle
281,1,2,100.00,0.00,0.00
283,1,2,%usr,%sys,%idle
284,1,2,100.00,0.00,0.00
286,1,2,%usr,%sys,%idle
287,1,2,100.00,0.00,0.00
289,1,2,%usr,%sys,%idle
290,1,2,100.00,0.00,0.00
292,1,2,%usr,%sys,%idle
293,1,2,100.00,0.00,0.00
295,1,2,%usr,%sys,%idle
296,1,2,100.00,0.00,0.00
298,1,2,%usr,%sys,%idle
299,1,2,100.00,0.00,0.00
301,1,2,%usr,%sys,%idle
302,1,2,100.00,0.00,0.00
304,1,2,%usr,%sys,%idle
305,1,2,100.00,0.00,0.00
307,1,2,%usr,%sys,%idle
308,1,2,100.00,0.00,0.00
310,1,2,%usr,%sys,%idle
311,1,2,100.00,0.00,0.00
313,1,2,%usr,%sys,%idle
314,1,2,100.00,0.00,0.00
316,1,2,%usr,%sys,%idle
317,1,2,100.00,0.00,0.00
319,1,2,%usr,%sys,%idle
320,1,2,100.00,0.00,0.00
322,1,2,%usr,%sys,%idle
323,1,2,100.00,0.00,0.00
325,1,2,%usr,%sys,%idle
326,1,2,100.00,0.00,0.00
328,1,2,%usr,%sys,%idle
329,1,2,100.00,0.00,0.00
331,1,2,%usr,%sys,%idle
332,1,2,100.00,0.00,0.00
334,1,2,%usr,%sys,%idle
335,1,2,100.00,0.00,0.00
337,1,2,%usr,%sys,%idle
338,1,2,100.00,0.00,0.00
340,1,2,%usr,%sys,%idle
341,1,2,100.00,0.00,0.00
343,1,2,%usr,%sys,%idle
344,1,2,100.00,0.00,0.00
346,1,2,%usr,%sys,%idle
347,1,2,100.00,0.00,0.00
349,1,2,%usr,%sys,%idle
350,1,2,100.00,0.00,0.00
352,1,2,%usr,%sys,%idle
353,1,2,100.00,0.00,0.00
355,1,2,%usr,%sys,%idle
356,1,2,100.00,0.00,0.00
358,1,2,%usr,%sys,%idle
359,1,2,100.00,0.00,0.00
360,1,3,%usr,%sys,%idle
361,1,3,93.00,0.00,7.00
363,1,3,%usr,%sys,%idle
364,1,3,100.00,0.00,0.00
366,1,3,%usr,%sys,%idle
367,1,3,100.00,0.00,0.00
369,1,3,%usr,%sys,%idle
370,1,3,100.00,0.00,0.00
372,1,3,%usr,%sys,%idle
373,1,3,100.00,0.00,0.00
375,1,3,%usr,%sys,%idle
376,1,3,100.00,0.00,0.00
378,1,3,%usr,%sys,%idle
379,1,3,100.00,0.00,0.00
381,1,3,%usr,%sys,%idle
382,1,3,100.00,0.00,0.00
384,1,3,%usr,%sys,%idle
385,1,3,100.00,0.00,0.00
387,1,3,%usr,%sys,%idle
388,1,3,100.00,0.00,0.00
390,1,3,%usr,%sys,%idle
391,1,3,100.00,0.00,0.00
393,1,3,%usr,%sys,%idle
394,1,3,100.00,0.00,0.00
396,1,3,%usr,%sys,%idle
397,1,3,100.00,0.00,0.00
399,1,3,%usr,%sys,%idle
400,1,3,100.00,0.00,0.00
402,1,3,%usr,%sys,%idle
403,1,3,100.00,0.00,0.00
405,1,3,%usr,%sys,%idle
406,1,3,100.00,0.00,0.00
408,1,3,%usr,%sys,%idle
409,1,3,100.00,0.00,0.00
411,1,3,%usr,%sys,%idle
412,1,3,100.00,0.00,0.00
414,1,3,%usr,%sys,%idle
415,1,3,100.00,0.00,0.00
417,1,3,%usr,%sys,%idle
418,1,3,100.00,0.00,0.00
420,1,3,%usr,%sys,%idle
421,1,3,100.00,0.00,0.00
423,1,3,%usr,%sys,%idle
424,1,3,100.00,0.00,0.00
426,1,3,%usr,%sys,%idle
427,1,3,100.00,0.00,0.00
429,1,3,%usr,%sys,%idle
430,1,3,100.00,0.00,0.00
432,1,3,%usr,%sys,%idle
433,1,3,100.00,0.00,0.00
435,1,3,%usr,%sys,%idle
436,1,3,100.00,0.00,0.00
438,1,3,%usr,%sys,%idle
439,1,3,100.00,0.00,0.00
441,1,3,%usr,%sys,%idle
442,1,3,100.00,0.00,0.00
444,1,3,%usr,%sys,%idle
445,1,3,100.00,0.00,0.00
447,1,3,%usr,%sys,%idle
448,1,3,100.00,0.00,0.00
450,1,3,%usr,%sys,%idle
451,1,3,100.00,0.00,0.00
453,1,3,%usr,%sys,%idle
454,1,3,100.00,0.00,0.00
456,1,3,%usr,%sys,%idle
457,1,3,100.00,0.00,0.00
459,1,3,%usr,%sys,%idle
460,1,3,100.00,0.00,0.00
462,1,3,%usr,%sys,%idle
463,1,3,100.00,0.00,0.00
465,1,3,%usr,%sys,%idle
466,1,3,100.00,0.00,0.00
468,1,3,%usr,%sys,%idle
469,1,3,100.00,0.00,0.00
471,1,3,%usr,%sys,%idle
472,1,3,100.00,0.00,0.00
474,1,3,%usr,%sys,%idle
475,1,3,100.00,0.00,0.00
477,1,3,%usr,%sys,%idle
478,1,3,100.00,0.00,0.00
480,1,3,%usr,%sys,%idle
481,1,3,100.00,0.00,0.00
483,1,3,%usr,%sys,%idle
484,1,3,100.00,0.00,0.00
486,1,3,%usr,%sys,%idle
487,1,3,100.00,0.00,0.00
489,1,3,%usr,%sys,%idle
490,1,3,100.00,0.00,0.00
492,1,3,%usr,%sys,%idle
493,1,3,100.00,0.00,0.00
495,1,3,%usr,%sys,%idle
496,1,3,100.00,0.00,0.00
498,1,3,%usr,%sys,%idle
499,1,3,100.00,0.00,0.00
501,1,3,%usr,%sys,%idle
502,1,3,100.00,0.00,0.00
504,1,3,%usr,%sys,%idle
505,1,3,100.00,0.00,0.00
507,1,3,%usr,%sys,%idle
508,1,3,100.00,0.00,0.00
510,1,3,%usr,%sys,%idle
511,1,3,100.00,0.00,0.00
513,1,3,%usr,%sys,%idle
514,1,3,100.00,0.00,0.00
516,1,3,%usr,%sys,%idle
517,1,3,100.00,0.00,0.00
519,1,3,%usr,%sys,%idle
520,1,3,100.00,0.00,0.00
522,1,3,%usr,%sys,%idle
523,1,3,100.00,0.00,0.00
525,1,3,%usr,%sys,%idle
526,1,3,100.00,0.00,0.00
528,1,3,%usr,%sys,%idle
529,1,3,100.00,0.00,0.00
531,1,3,%usr,%sys,%idle
532,1,3,100.00,0.00,0.00
534,1,3,%usr,%sys,%idle
535,1,3,100.00,0.00,0.00
537,1,3,%usr,%sys,%idle
538,1,3,100.00,0.00,0.00
539,2,1,%usr,%sys,%idle
540,2,1,93.00,0.00,7.00
542,2,1,%usr,%sys,%idle
543,2,1,100.00,0.00,0.00
545,2,1,%usr,%sys,%idle
546,2,1,100.00,0.00,0.00
548,2,1,%usr,%sys,%idle
549,2,1,100.00,0.00,0.00
551,2,1,%usr,%sys,%idle
552,2,1,100.00,0.00,0.00
554,2,1,%usr,%sys,%idle
555,2,1,100.00,0.00,0.00
557,2,1,%usr,%sys,%idle
558,2,1,100.00,0.00,0.00
560,2,1,%usr,%sys,%idle
561,2,1,100.00,0.00,0.00
563,2,1,%usr,%sys,%idle
564,2,1,100.00,0.00,0.00
566,2,1,%usr,%sys,%idle
567,2,1,100.00,0.00,0.00
569,2,1,%usr,%sys,%idle
570,2,1,100.00,0.00,0.00
572,2,1,%usr,%sys,%idle
573,2,1,100.00,0.00,0.00
575,2,1,%usr,%sys,%idle
576,2,1,100.00,0.00,0.00
578,2,1,%usr,%sys,%idle
579,2,1,100.00,0.00,0.00
581,2,1,%usr,%sys,%idle
582,2,1,100.00,0.00,0.00
584,2,1,%usr,%sys,%idle
585,2,1,100.00,0.00,0.00
587,2,1,%usr,%sys,%idle
588,2,1,100.00,0.00,0.00
590,2,1,%usr,%sys,%idle
591,2,1,100.00,0.00,0.00
593,2,1,%usr,%sys,%idle
594,2,1,100.00,0.00,0.00
596,2,1,%usr,%sys,%idle
597,2,1,100.00,0.00,0.00
599,2,1,%usr,%sys,%idle
600,2,1,100.00,0.00,0.00
602,2,1,%usr,%sys,%idle
603,2,1,100.00,0.00,0.00
605,2,1,%usr,%sys,%idle
606,2,1,100.00,0.00,0.00
608,2,1,%usr,%sys,%idle
609,2,1,100.00,0.00,0.00
611,2,1,%usr,%sys,%idle
612,2,1,100.00,0.00,0.00
614,2,1,%usr,%sys,%idle
615,2,1,100.00,0.00,0.00
617,2,1,%usr,%sys,%idle
618,2,1,100.00,0.00,0.00
620,2,1,%usr,%sys,%idle
621,2,1,100.00,0.00,0.00
623,2,1,%usr,%sys,%idle
624,2,1,100.00,0.00,0.00
626,2,1,%usr,%sys,%idle
627,2,1,100.00,0.00,0.00
629,2,1,%usr,%sys,%idle
630,2,1,100.00,0.00,0.00
632,2,1,%usr,%sys,%idle
633,2,1,100.00,0.00,0.00
635,2,1,%usr,%sys,%idle
636,2,1,100.00,0.00,0.00
638,2,1,%usr,%sys,%idle
639,2,1,100.00,0.00,0.00
641,2,1,%usr,%sys,%idle
642,2,1,100.00,0.00,0.00
644,2,1,%usr,%sys,%idle
645,2,1,100.00,0.00,0.00
647,2,1,%usr,%sys,%idle
648,2,1,100.00,0.00,0.00
650,2,1,%usr,%sys,%idle
651,2,1,100.00,0.00,0.00
653,2,1,%usr,%sys,%idle
654,2,1,100.00,0.00,0.00
656,2,1,%usr,%sys,%idle
657,2,1,100.00,0.00,0.00
659,2,1,%usr,%sys,%idle
660,2,1,100.00,0.00,0.00
662,2,1,%usr,%sys,%idle
663,2,1,100.00,0.00,0.00
665,2,1,%usr,%sys,%idle
666,2,1,100.00,0.00,0.00
668,2,1,%usr,%sys,%idle
669,2,1,100.00,0.00,0.00
671,2,1,%usr,%sys,%idle
672,2,1,100.00,0.00,0.00
674,2,1,%usr,%sys,%idle
675,2,1,100.00,0.00,0.00
677,2,1,%usr,%sys,%idle
678,2,1,100.00,0.00,0.00
680,2,1,%usr,%sys,%idle
681,2,1,100.00,0.00,0.00
683,2,1,%usr,%sys,%idle
684,2,1,100.00,0.00,0.00
686,2,1,%usr,%sys,%idle
687,2,1,100.00,0.00,0.00
689,2,1,%usr,%sys,%idle
690,2,1,100.00,0.00,0.00
692,2,1,%usr,%sys,%idle
693,2,1,100.00,0.00,0.00
695,2,1,%usr,%sys,%idle
696,2,1,100.00,0.00,0.00
698,2,1,%usr,%sys,%idle
699,2,1,100.00,0.00,0.00
701,2,1,%usr,%sys,%idle
702,2,1,100.00,0.00,0.00
704,2,1,%usr,%sys,%idle
705,2,1,100.00,0.00,0.00
707,2,1,%usr,%sys,%idle
708,2,1,100.00,0.00,0.00
710,2,1,%usr,%sys,%idle
711,2,1,100.00,0.00,0.00
713,2,1,%usr,%sys,%idle
714,2,1,100.00,0.00,0.00
716,2,1,%usr,%sys,%idle
717,2,1,100.00,0.00,0.00
718,2,2,%usr,%sys,%idle
719,2,2,93.00,0.00,7.00
721,2,2,%usr,%sys,%idle
722,2,2,100.00,0.00,0.00
724,2,2,%usr,%sys,%idle
725,2,2,100.00,0.00,0.00
727,2,2,%usr,%sys,%idle
728,2,2,100.00,0.00,0.00
730,2,2,%usr,%sys,%idle
731,2,2,100.00,0.00,0.00
733,2,2,%usr,%sys,%idle
734,2,2,100.00,0.00,0.00
736,2,2,%usr,%sys,%idle
737,2,2,100.00,0.00,0.00
739,2,2,%usr,%sys,%idle
740,2,2,100.00,0.00,0.00
742,2,2,%usr,%sys,%idle
743,2,2,100.00,0.00,0.00
745,2,2,%usr,%sys,%idle
746,2,2,100.00,0.00,0.00
748,2,2,%usr,%sys,%idle
749,2,2,100.00,0.00,0.00
751,2,2,%usr,%sys,%idle
752,2,2,100.00,0.00,0.00
754,2,2,%usr,%sys,%idle
755,2,2,100.00,0.00,0.00
757,2,2,%usr,%sys,%idle
758,2,2,100.00,0.00,0.00
760,2,2,%usr,%sys,%idle
761,2,2,100.00,0.00,0.00
763,2,2,%usr,%sys,%idle
764,2,2,100.00,0.00,0.00
766,2,2,%usr,%sys,%idle
767,2,2,100.00,0.00,0.00
769,2,2,%usr,%sys,%idle
770,2,2,100.00,0.00,0.00
772,2,2,%usr,%sys,%idle
773,2,2,100.00,0.00,0.00
775,2,2,%usr,%sys,%idle
776,2,2,100.00,0.00,0.00
778,2,2,%usr,%sys,%idle
779,2,2,100.00,0.00,0.00
781,2,2,%usr,%sys,%idle
782,2,2,100.00,0.00,0.00
784,2,2,%usr,%sys,%idle
785,2,2,100.00,0.00,0.00
787,2,2,%usr,%sys,%idle
788,2,2,100.00,0.00,0.00
790,2,2,%usr,%sys,%idle
791,2,2,100.00,0.00,0.00
793,2,2,%usr,%sys,%idle
794,2,2,100.00,0.00,0.00
796,2,2,%usr,%sys,%idle
797,2,2,100.00,0.00,0.00
799,2,2,%usr,%sys,%idle
800,2,2,100.00,0.00,0.00
802,2,2,%usr,%sys,%idle
803,2,2,100.00,0.00,0.00
805,2,2,%usr,%sys,%idle
806,2,2,100.00,0.00,0.00
808,2,2,%usr,%sys,%idle
809,2,2,100.00,0.00,0.00
811,2,2,%usr,%sys,%idle
812,2,2,100.00,0.00,0.00
814,2,2,%usr,%sys,%idle
815,2,2,100.00,0.00,0.00
817,2,2,%usr,%sys,%idle
818,2,2,100.00,0.00,0.00
820,2,2,%usr,%sys,%idle
821,2,2,100.00,0.00,0.00
823,2,2,%usr,%sys,%idle
824,2,2,100.00,0.00,0.00
826,2,2,%usr,%sys,%idle
827,2,2,100.00,0.00,0.00
829,2,2,%usr,%sys,%idle
830,2,2,100.00,0.00,0.00
832,2,2,%usr,%sys,%idle
833,2,2,100.00,0.00,0.00
835,2,2,%usr,%sys,%idle
836,2,2,100.00,0.00,0.00
838,2,2,%usr,%sys,%idle
839,2,2,100.00,0.00,0.00
841,2,2,%usr,%sys,%idle
842,2,2,100.00,0.00,0.00
844,2,2,%usr,%sys,%idle
845,2,2,100.00,0.00,0.00
847,2,2,%usr,%sys,%idle
848,2,2,100.00,0.00,0.00
850,2,2,%usr,%sys,%idle
851,2,2,100.00,0.00,0.00
853,2,2,%usr,%sys,%idle
854,2,2,100.00,0.00,0.00
856,2,2,%usr,%sys,%idle
857,2,2,100.00,0.00,0.00
859,2,2,%usr,%sys,%idle
860,2,2,100.00,0.00,0.00
862,2,2,%usr,%sys,%idle
863,2,2,100.00,0.00,0.00
865,2,2,%usr,%sys,%idle
866,2,2,100.00,0.00,0.00
868,2,2,%usr,%sys,%idle
869,2,2,100.00,0.00,0.00
871,2,2,%usr,%sys,%idle
872,2,2,100.00,0.00,0.00
874,2,2,%usr,%sys,%idle
875,2,2,100.00,0.00,0.00
877,2,2,%usr,%sys,%idle
878,2,2,100.00,0.00,0.00
880,2,2,%usr,%sys,%idle
881,2,2,100.00,0.00,0.00
883,2,2,%usr,%sys,%idle
884,2,2,100.00,0.00,0.00
886,2,2,%usr,%sys,%idle
887,2,2,100.00,0.00,0.00
889,2,2,%usr,%sys,%idle
890,2,2,100.00,0.00,0.00
892,2,2,%usr,%sys,%idle
893,2,2,100.00,0.00,0.00
895,2,2,%usr,%sys,%idle
896,2,2,100.00,0.00,0.00
897,2,3,%usr,%sys,%idle
898,2,3,92.08,0.00,7.92
900,2,3,%usr,%sys,%idle
901,2,3,100.00,0.00,0.00
903,2,3,%usr,%sys,%idle
904,2,3,100.00,0.00,0.00
906,2,3,%usr,%sys,%idle
907,2,3,100.00,0.00,0.00
909,2,3,%usr,%sys,%idle
910,2,3,100.00,0.00,0.00
912,2,3,%usr,%sys,%idle
913,2,3,100.00,0.00,0.00
915,2,3,%usr,%sys,%idle
916,2,3,100.00,0.00,0.00
918,2,3,%usr,%sys,%idle
919,2,3,100.00,0.00,0.00
921,2,3,%usr,%sys,%idle
922,2,3,100.00,0.00,0.00
924,2,3,%usr,%sys,%idle
925,2,3,100.00,0.00,0.00
927,2,3,%usr,%sys,%idle
928,2,3,100.00,0.00,0.00
930,2,3,%usr,%sys,%idle
931,2,3,100.00,0.00,0.00
933,2,3,%usr,%sys,%idle
934,2,3,100.00,0.00,0.00
936,2,3,%usr,%sys,%idle
937,2,3,100.00,0.00,0.00
939,2,3,%usr,%sys,%idle
940,2,3,100.00,0.00,0.00
942,2,3,%usr,%sys,%idle
943,2,3,100.00,0.00,0.00
945,2,3,%usr,%sys,%idle
946,2,3,100.00,0.00,0.00
948,2,3,%usr,%sys,%idle
949,2,3,100.00,0.00,0.00
951,2,3,%usr,%sys,%idle
952,2,3,100.00,0.00,0.00
954,2,3,%usr,%sys,%idle
955,2,3,100.00,0.00,0.00
957,2,3,%usr,%sys,%idle
958,2,3,100.00,0.00,0.00
960,2,3,%usr,%sys,%idle
961,2,3,100.00,0.00,0.00
963,2,3,%usr,%sys,%idle
964,2,3,100.00,0.00,0.00
966,2,3,%usr,%sys,%idle
967,2,3,100.00,0.00,0.00
969,2,3,%usr,%sys,%idle
970,2,3,100.00,0.00,0.00
972,2,3,%usr,%sys,%idle
973,2,3,100.00,0.00,0.00
975,2,3,%usr,%sys,%idle
976,2,3,100.00,0.00,0.00
978,2,3,%usr,%sys,%idle
979,2,3,100.00,0.00,0.00
981,2,3,%usr,%sys,%idle
982,2,3,100.00,0.00,0.00
984,2,3,%usr,%sys,%idle
985,2,3,100.00,0.00,0.00
987,2,3,%usr,%sys,%idle
988,2,3,100.00,0.00,0.00
990,2,3,%usr,%sys,%idle
991,2,3,100.00,0.00,0.00
993,2,3,%usr,%sys,%idle
994,2,3,100.00,0.00,0.00
996,2,3,%usr,%sys,%idle
997,2,3,100.00,0.00,0.00
999,2,3,%usr,%sys,%idle
1000,2,3,100.00,0.00,0.00
1002,2,3,%usr,%sys,%idle
1003,2,3,100.00,0.00,0.00
1005,2,3,%usr,%sys,%idle
1006,2,3,100.00,0.00,0.00
1008,2,3,%usr,%sys,%idle
1009,2,3,100.00,0.00,0.00
1011,2,3,%usr,%sys,%idle
1012,2,3,100.00,0.00,0.00
1014,2,3,%usr,%sys,%idle
1015,2,3,100.00,0.00,0.00
1017,2,3,%usr,%sys,%idle
1018,2,3,100.00,0.00,0.00
1020,2,3,%usr,%sys,%idle
1021,2,3,100.00,0.00,0.00
1023,2,3,%usr,%sys,%idle
1024,2,3,100.00,0.00,0.00
1026,2,3,%usr,%sys,%idle
1027,2,3,100.00,0.00,0.00
1029,2,3,%usr,%sys,%idle
1030,2,3,100.00,0.00,0.00
1032,2,3,%usr,%sys,%idle
1033,2,3,100.00,0.00,0.00
1035,2,3,%usr,%sys,%idle
1036,2,3,100.00,0.00,0.00
1038,2,3,%usr,%sys,%idle
1039,2,3,100.00,0.00,0.00
1041,2,3,%usr,%sys,%idle
1042,2,3,100.00,0.00,0.00
1044,2,3,%usr,%sys,%idle
1045,2,3,100.00,0.00,0.00
1047,2,3,%usr,%sys,%idle
1048,2,3,100.00,0.00,0.00
1050,2,3,%usr,%sys,%idle
1051,2,3,100.00,0.00,0.00
1053,2,3,%usr,%sys,%idle
1054,2,3,100.00,0.00,0.00
1056,2,3,%usr,%sys,%idle
1057,2,3,100.00,0.00,0.00
1059,2,3,%usr,%sys,%idle
1060,2,3,100.00,0.00,0.00
1062,2,3,%usr,%sys,%idle
1063,2,3,100.00,0.00,0.00
1065,2,3,%usr,%sys,%idle
1066,2,3,100.00,0.00,0.00
1068,2,3,%usr,%sys,%idle
1069,2,3,100.00,0.00,0.00
1071,2,3,%usr,%sys,%idle
1072,2,3,100.00,0.00,0.00
1074,2,3,%usr,%sys,%idle
1075,2,3,100.00,0.00,0.00
1076,4,1,%usr,%sys,%idle
1077,4,1,93.00,0.00,7.00
1079,4,1,%usr,%sys,%idle
1080,4,1,100.00,0.00,0.00
1082,4,1,%usr,%sys,%idle
1083,4,1,100.00,0.00,0.00
1085,4,1,%usr,%sys,%idle
1086,4,1,100.00,0.00,0.00
1088,4,1,%usr,%sys,%idle
1089,4,1,100.00,0.00,0.00
1091,4,1,%usr,%sys,%idle
1092,4,1,100.00,0.00,0.00
1094,4,1,%usr,%sys,%idle
1095,4,1,100.00,0.00,0.00
1097,4,1,%usr,%sys,%idle
1098,4,1,100.00,0.00,0.00
1100,4,1,%usr,%sys,%idle
1101,4,1,100.00,0.00,0.00
1103,4,1,%usr,%sys,%idle
1104,4,1,100.00,0.00,0.00
1106,4,1,%usr,%sys,%idle
1107,4,1,100.00,0.00,0.00
1109,4,1,%usr,%sys,%idle
1110,4,1,100.00,0.00,0.00
1112,4,1,%usr,%sys,%idle
1113,4,1,100.00,0.00,0.00
1115,4,1,%usr,%sys,%idle
1116,4,1,100.00,0.00,0.00
1118,4,1,%usr,%sys,%idle
1119,4,1,100.00,0.00,0.00
1121,4,1,%usr,%sys,%idle
1122,4,1,100.00,0.00,0.00
1124,4,1,%usr,%sys,%idle
1125,4,1,100.00,0.00,0.00
1127,4,1,%usr,%sys,%idle
1128,4,1,100.00,0.00,0.00
1130,4,1,%usr,%sys,%idle
1131,4,1,100.00,0.00,0.00
1133,4,1,%usr,%sys,%idle
1134,4,1,100.00,0.00,0.00
1136,4,1,%usr,%sys,%idle
1137,4,1,100.00,0.00,0.00
1139,4,1,%usr,%sys,%idle
1140,4,1,100.00,0.00,0.00
1142,4,1,%usr,%sys,%idle
1143,4,1,100.00,0.00,0.00
1145,4,1,%usr,%sys,%idle
1146,4,1,100.00,0.00,0.00
1148,4,1,%usr,%sys,%idle
1149,4,1,100.00,0.00,0.00
1151,4,1,%usr,%sys,%idle
1152,4,1,100.00,0.00,0.00
1154,4,1,%usr,%sys,%idle
1155,4,1,100.00,0.00,0.00
1157,4,1,%usr,%sys,%idle
1158,4,1,100.00,0.00,0.00
1160,4,1,%usr,%sys,%idle
1161,4,1,100.00,0.00,0.00
1163,4,1,%usr,%sys,%idle
1164,4,1,100.00,0.00,0.00
1166,4,1,%usr,%sys,%idle
1167,4,1,100.00,0.00,0.00
1169,4,1,%usr,%sys,%idle
1170,4,1,100.00,0.00,0.00
1172,4,1,%usr,%sys,%idle
1173,4,1,100.00,0.00,0.00
1175,4,1,%usr,%sys,%idle
1176,4,1,100.00,0.00,0.00
1178,4,1,%usr,%sys,%idle
1179,4,1,100.00,0.00,0.00
1181,4,1,%usr,%sys,%idle
1182,4,1,100.00,0.00,0.00
1184,4,1,%usr,%sys,%idle
1185,4,1,100.00,0.00,0.00
1187,4,1,%usr,%sys,%idle
1188,4,1,100.00,0.00,0.00
1190,4,1,%usr,%sys,%idle
1191,4,1,100.00,0.00,0.00
1193,4,1,%usr,%sys,%idle
1194,4,1,100.00,0.00,0.00
1196,4,1,%usr,%sys,%idle
1197,4,1,100.00,0.00,0.00
1199,4,1,%usr,%sys,%idle
1200,4,1,100.00,0.00,0.00
1202,4,1,%usr,%sys,%idle
1203,4,1,100.00,0.00,0.00
1205,4,1,%usr,%sys,%idle
1206,4,1,100.00,0.00,0.00
1208,4,1,%usr,%sys,%idle
1209,4,1,100.00,0.00,0.00
1211,4,1,%usr,%sys,%idle
1212,4,1,100.00,0.00,0.00
1214,4,1,%usr,%sys,%idle
1215,4,1,100.00,0.00,0.00
1217,4,1,%usr,%sys,%idle
1218,4,1,100.00,0.00,0.00
1220,4,1,%usr,%sys,%idle
1221,4,1,100.00,0.00,0.00
1223,4,1,%usr,%sys,%idle
1224,4,1,100.00,0.00,0.00
1226,4,1,%usr,%sys,%idle
1227,4,1,100.00,0.00,0.00
1229,4,1,%usr,%sys,%idle
1230,4,1,100.00,0.00,0.00
1232,4,1,%usr,%sys,%idle
1233,4,1,100.00,0.00,0.00
1235,4,1,%usr,%sys,%idle
1236,4,1,100.00,0.00,0.00
1238,4,1,%usr,%sys,%idle
1239,4,1,100.00,0.00,0.00
1241,4,1,%usr,%sys,%idle
1242,4,1,100.00,0.00,0.00
1244,4,1,%usr,%sys,%idle
1245,4,1,100.00,0.00,0.00
1247,4,1,%usr,%sys,%idle
1248,4,1,100.00,0.00,0.00
1250,4,1,%usr,%sys,%idle
1251,4,1,100.00,0.00,0.00
1253,4,1,%usr,%sys,%idle
1254,4,1,100.00,0.00,0.00
1255,4,2,%usr,%sys,%idle
1256,4,2,93.00,0.00,7.00
1258,4,2,%usr,%sys,%idle
1259,4,2,100.00,0.00,0.00
1261,4,2,%usr,%sys,%idle
1262,4,2,100.00,0.00,0.00
1264,4,2,%usr,%sys,%idle
1265,4,2,100.00,0.00,0.00
1267,4,2,%usr,%sys,%idle
1268,4,2,100.00,0.00,0.00
1270,4,2,%usr,%sys,%idle
1271,4,2,100.00,0.00,0.00
1273,4,2,%usr,%sys,%idle
1274,4,2,100.00,0.00,0.00
1276,4,2,%usr,%sys,%idle
1277,4,2,100.00,0.00,0.00
1279,4,2,%usr,%sys,%idle
1280,4,2,100.00,0.00,0.00
1282,4,2,%usr,%sys,%idle
1283,4,2,100.00,0.00,0.00
1285,4,2,%usr,%sys,%idle
1286,4,2,100.00,0.00,0.00
1288,4,2,%usr,%sys,%idle
1289,4,2,100.00,0.00,0.00
1291,4,2,%usr,%sys,%idle
1292,4,2,100.00,0.00,0.00
1294,4,2,%usr,%sys,%idle
1295,4,2,100.00,0.00,0.00
1297,4,2,%usr,%sys,%idle
1298,4,2,100.00,0.00,0.00
1300,4,2,%usr,%sys,%idle
1301,4,2,100.00,0.00,0.00
1303,4,2,%usr,%sys,%idle
1304,4,2,100.00,0.00,0.00
1306,4,2,%usr,%sys,%idle
1307,4,2,100.00,0.00,0.00
1309,4,2,%usr,%sys,%idle
1310,4,2,100.00,0.00,0.00
1312,4,2,%usr,%sys,%idle
1313,4,2,100.00,0.00,0.00
1315,4,2,%usr,%sys,%idle
1316,4,2,100.00,0.00,0.00
1318,4,2,%usr,%sys,%idle
1319,4,2,100.00,0.00,0.00
1321,4,2,%usr,%sys,%idle
1322,4,2,100.00,0.00,0.00
1324,4,2,%usr,%sys,%idle
1325,4,2,100.00,0.00,0.00
1327,4,2,%usr,%sys,%idle
1328,4,2,100.00,0.00,0.00
1330,4,2,%usr,%sys,%idle
1331,4,2,100.00,0.00,0.00
1333,4,2,%usr,%sys,%idle
1334,4,2,100.00,0.00,0.00
1336,4,2,%usr,%sys,%idle
1337,4,2,100.00,0.00,0.00
1339,4,2,%usr,%sys,%idle
1340,4,2,100.00,0.00,0.00
1342,4,2,%usr,%sys,%idle
1343,4,2,100.00,0.00,0.00
1345,4,2,%usr,%sys,%idle
1346,4,2,100.00,0.00,0.00
1348,4,2,%usr,%sys,%idle
1349,4,2,100.00,0.00,0.00
1351,4,2,%usr,%sys,%idle
1352,4,2,100.00,0.00,0.00
1354,4,2,%usr,%sys,%idle
1355,4,2,100.00,0.00,0.00
1357,4,2,%usr,%sys,%idle
1358,4,2,100.00,0.00,0.00
1360,4,2,%usr,%sys,%idle
1361,4,2,100.00,0.00,0.00
1363,4,2,%usr,%sys,%idle
1364,4,2,100.00,0.00,0.00
1366,4,2,%usr,%sys,%idle
1367,4,2,100.00,0.00,0.00
1369,4,2,%usr,%sys,%idle
1370,4,2,100.00,0.00,0.00
1372,4,2,%usr,%sys,%idle
1373,4,2,100.00,0.00,0.00
1375,4,2,%usr,%sys,%idle
1376,4,2,100.00,0.00,0.00
1378,4,2,%usr,%sys,%idle
1379,4,2,100.00,0.00,0.00
1381,4,2,%usr,%sys,%idle
1382,4,2,100.00,0.00,0.00
1384,4,2,%usr,%sys,%idle
1385,4,2,100.00,0.00,0.00
1387,4,2,%usr,%sys,%idle
1388,4,2,100.00,0.00,0.00
1390,4,2,%usr,%sys,%idle
1391,4,2,100.00,0.00,0.00
1393,4,2,%usr,%sys,%idle
1394,4,2,100.00,0.00,0.00
1396,4,2,%usr,%sys,%idle
1397,4,2,100.00,0.00,0.00
1399,4,2,%usr,%sys,%idle
1400,4,2,100.00,0.00,0.00
1402,4,2,%usr,%sys,%idle
1403,4,2,100.00,0.00,0.00
1405,4,2,%usr,%sys,%idle
1406,4,2,100.00,0.00,0.00
1408,4,2,%usr,%sys,%idle
1409,4,2,100.00,0.00,0.00
1411,4,2,%usr,%sys,%idle
1412,4,2,100.00,0.00,0.00
1414,4,2,%usr,%sys,%idle
1415,4,2,100.00,0.00,0.00
1417,4,2,%usr,%sys,%idle
1418,4,2,100.00,0.00,0.00
1420,4,2,%usr,%sys,%idle
1421,4,2,100.00,0.00,0.00
1423,4,2,%usr,%sys,%idle
1424,4,2,100.00,0.00,0.00
1426,4,2,%usr,%sys,%idle
1427,4,2,100.00,0.00,0.00
1429,4,2,%usr,%sys,%idle
1430,4,2,100.00,0.00,0.00
1432,4,2,%usr,%sys,%idle
1433,4,2,100.00,0.00,0.00
1434,4,3,%usr,%sys,%idle
1435,4,3,92.08,0.00,7.92
1437,4,3,%usr,%sys,%idle
1438,4,3,100.00,0.00,0.00
1440,4,3,%usr,%sys,%idle
1441,4,3,100.00,0.00,0.00
1443,4,3,%usr,%sys,%idle
1444,4,3,100.00,0.00,0.00
1446,4,3,%usr,%sys,%idle
1447,4,3,100.00,0.00,0.00
1449,4,3,%usr,%sys,%idle
1450,4,3,100.00,0.00,0.00
1452,4,3,%usr,%sys,%idle
1453,4,3,100.00,0.00,0.00
1455,4,3,%usr,%sys,%idle
1456,4,3,100.00,0.00,0.00
1458,4,3,%usr,%sys,%idle
1459,4,3,100.00,0.00,0.00
1461,4,3,%usr,%sys,%idle
1462,4,3,100.00,0.00,0.00
1464,4,3,%usr,%sys,%idle
1465,4,3,100.00,0.00,0.00
1467,4,3,%usr,%sys,%idle
1468,4,3,100.00,0.00,0.00
1470,4,3,%usr,%sys,%idle
1471,4,3,100.00,0.00,0.00
1473,4,3,%usr,%sys,%idle
1474,4,3,100.00,0.00,0.00
1476,4,3,%usr,%sys,%idle
1477,4,3,100.00,0.00,0.00
1479,4,3,%usr,%sys,%idle
1480,4,3,100.00,0.00,0.00
1482,4,3,%usr,%sys,%idle
1483,4,3,100.00,0.00,0.00
1485,4,3,%usr,%sys,%idle
1486,4,3,100.00,0.00,0.00
1488,4,3,%usr,%sys,%idle
1489,4,3,100.00,0.00,0.00
1491,4,3,%usr,%sys,%idle
1492,4,3,100.00,0.00,0.00
1494,4,3,%usr,%sys,%idle
1495,4,3,100.00,0.00,0.00
1497,4,3,%usr,%sys,%idle
1498,4,3,100.00,0.00,0.00
1500,4,3,%usr,%sys,%idle
1501,4,3,100.00,0.00,0.00
1503,4,3,%usr,%sys,%idle
1504,4,3,100.00,0.00,0.00
1506,4,3,%usr,%sys,%idle
1507,4,3,100.00,0.00,0.00
1509,4,3,%usr,%sys,%idle
1510,4,3,100.00,0.00,0.00
1512,4,3,%usr,%sys,%idle
1513,4,3,100.00,0.00,0.00
1515,4,3,%usr,%sys,%idle
1516,4,3,100.00,0.00,0.00
1518,4,3,%usr,%sys,%idle
1519,4,3,100.00,0.00,0.00
1521,4,3,%usr,%sys,%idle
1522,4,3,100.00,0.00,0.00
1524,4,3,%usr,%sys,%idle
1525,4,3,100.00,0.00,0.00
1527,4,3,%usr,%sys,%idle
1528,4,3,100.00,0.00,0.00
1530,4,3,%usr,%sys,%idle
1531,4,3,100.00,0.00,0.00
1533,4,3,%usr,%sys,%idle
1534,4,3,100.00,0.00,0.00
1536,4,3,%usr,%sys,%idle
1537,4,3,100.00,0.00,0.00
1539,4,3,%usr,%sys,%idle
1540,4,3,100.00,0.00,0.00
1542,4,3,%usr,%sys,%idle
1543,4,3,100.00,0.00,0.00
1545,4,3,%usr,%sys,%idle
1546,4,3,100.00,0.00,0.00
1548,4,3,%usr,%sys,%idle
1549,4,3,100.00,0.00,0.00
1551,4,3,%usr,%sys,%idle
1552,4,3,100.00,0.00,0.00
1554,4,3,%usr,%sys,%idle
1555,4,3,100.00,0.00,0.00
1557,4,3,%usr,%sys,%idle
1558,4,3,100.00,0.00,0.00
1560,4,3,%usr,%sys,%idle
1561,4,3,100.00,0.00,0.00
1563,4,3,%usr,%sys,%idle
1564,4,3,100.00,0.00,0.00
1566,4,3,%usr,%sys,%idle
1567,4,3,100.00,0.00,0.00
1569,4,3,%usr,%sys,%idle
1570,4,3,100.00,0.00,0.00
1572,4,3,%usr,%sys,%idle
1573,4,3,100.00,0.00,0.00
1575,4,3,%usr,%sys,%idle
1576,4,3,100.00,0.00,0.00
1578,4,3,%usr,%sys,%idle
1579,4,3,100.00,0.00,0.00
1581,4,3,%usr,%sys,%idle
1582,4,3,100.00,0.00,0.00
1584,4,3,%usr,%sys,%idle
1585,4,3,100.00,0.00,0.00
1587,4,3,%usr,%sys,%idle
1588,4,3,100.00,0.00,0.00
1590,4,3,%usr,%sys,%idle
1591,4,3,100.00,0.00,0.00
1593,4,3,%usr,%sys,%idle
1594,4,3,100.00,0.00,0.00
1596,4,3,%usr,%sys,%idle
1597,4,3,100.00,0.00,0.00
1599,4,3,%usr,%sys,%idle
1600,4,3,100.00,0.00,0.00
1602,4,3,%usr,%sys,%idle
1603,4,3,100.00,0.00,0.00
1605,4,3,%usr,%sys,%idle
1606,4,3,100.00,0.00,0.00
1608,4,3,%usr,%sys,%idle
1609,4,3,100.00,0.00,0.00
1611,4,3,%usr,%sys,%idle
1612,4,3,100.00,0.00,0.00
1613,8,1,%usr,%sys,%idle
1614,8,1,92.93,0.00,7.07
1616,8,1,%usr,%sys,%idle
1617,8,1,100.00,0.00,0.00
1619,8,1,%usr,%sys,%idle
1620,8,1,100.00,0.00,0.00
1622,8,1,%usr,%sys,%idle
1623,8,1,100.00,0.00,0.00
1625,8,1,%usr,%sys,%idle
1626,8,1,100.00,0.00,0.00
1628,8,1,%usr,%sys,%idle
1629,8,1,100.00,0.00,0.00
1631,8,1,%usr,%sys,%idle
1632,8,1,100.00,0.00,0.00
1634,8,1,%usr,%sys,%idle
1635,8,1,100.00,0.00,0.00
1637,8,1,%usr,%sys,%idle
1638,8,1,100.00,0.00,0.00
1640,8,1,%usr,%sys,%idle
1641,8,1,100.00,0.00,0.00
1643,8,1,%usr,%sys,%idle
1644,8,1,100.00,0.00,0.00
1646,8,1,%usr,%sys,%idle
1647,8,1,100.00,0.00,0.00
1649,8,1,%usr,%sys,%idle
1650,8,1,100.00,0.00,0.00
1652,8,1,%usr,%sys,%idle
1653,8,1,100.00,0.00,0.00
1655,8,1,%usr,%sys,%idle
1656,8,1,100.00,0.00,0.00
1658,8,1,%usr,%sys,%idle
1659,8,1,100.00,0.00,0.00
1661,8,1,%usr,%sys,%idle
1662,8,1,100.00,0.00,0.00
1664,8,1,%usr,%sys,%idle
1665,8,1,100.00,0.00,0.00
1667,8,1,%usr,%sys,%idle
1668,8,1,100.00,0.00,0.00
1670,8,1,%usr,%sys,%idle
1671,8,1,100.00,0.00,0.00
1673,8,1,%usr,%sys,%idle
1674,8,1,100.00,0.00,0.00
1676,8,1,%usr,%sys,%idle
1677,8,1,100.00,0.00,0.00
1679,8,1,%usr,%sys,%idle
1680,8,1,100.00,0.00,0.00
1682,8,1,%usr,%sys,%idle
1683,8,1,100.00,0.00,0.00
1685,8,1,%usr,%sys,%idle
1686,8,1,100.00,0.00,0.00
1688,8,1,%usr,%sys,%idle
1689,8,1,100.00,0.00,0.00
1691,8,1,%usr,%sys,%idle
1692,8,1,100.00,0.00,0.00
1694,8,1,%usr,%sys,%idle
1695,8,1,100.00,0.00,0.00
1697,8,1,%usr,%sys,%idle
1698,8,1,100.00,0.00,0.00
1700,8,1,%usr,%sys,%idle
1701,8,1,100.00,0.00,0.00
1703,8,1,%usr,%sys,%idle
1704,8,1,100.00,0.00,0.00
1706,8,1,%usr,%sys,%idle
1707,8,1,100.00,0.00,0.00
1709,8,1,%usr,%sys,%idle
1710,8,1,100.00,0.00,0.00
1712,8,1,%usr,%sys,%idle
1713,8,1,100.00,0.00,0.00
1715,8,1,%usr,%sys,%idle
1716,8,1,100.00,0.00,0.00
1718,8,1,%usr,%sys,%idle
1719,8,1,100.00,0.00,0.00
1721,8,1,%usr,%sys,%idle
1722,8,1,100.00,0.00,0.00
1724,8,1,%usr,%sys,%idle
1725,8,1,100.00,0.00,0.00
1727,8,1,%usr,%sys,%idle
1728,8,1,100.00,0.00,0.00
1730,8,1,%usr,%sys,%idle
1731,8,1,100.00,0.00,0.00
1733,8,1,%usr,%sys,%idle
1734,8,1,100.00,0.00,0.00
1736,8,1,%usr,%sys,%idle
1737,8,1,100.00,0.00,0.00
1739,8,1,%usr,%sys,%idle
1740,8,1,100.00,0.00,0.00
1742,8,1,%usr,%sys,%idle
1743,8,1,100.00,0.00,0.00
1745,8,1,%usr,%sys,%idle
1746,8,1,100.00,0.00,0.00
1748,8,1,%usr,%sys,%idle
1749,8,1,100.00,0.00,0.00
1751,8,1,%usr,%sys,%idle
1752,8,1,100.00,0.00,0.00
1754,8,1,%usr,%sys,%idle
1755,8,1,100.00,0.00,0.00
1757,8,1,%usr,%sys,%idle
1758,8,1,100.00,0.00,0.00
1760,8,1,%usr,%sys,%idle
1761,8,1,100.00,0.00,0.00
1763,8,1,%usr,%sys,%idle
1764,8,1,100.00,0.00,0.00
1766,8,1,%usr,%sys,%idle
1767,8,1,100.00,0.00,0.00
1769,8,1,%usr,%sys,%idle
1770,8,1,100.00,0.00,0.00
1772,8,1,%usr,%sys,%idle
1773,8,1,100.00,0.00,0.00
1775,8,1,%usr,%sys,%idle
1776,8,1,100.00,0.00,0.00
1778,8,1,%usr,%sys,%idle
1779,8,1,100.00,0.00,0.00
1781,8,1,%usr,%sys,%idle
1782,8,1,100.00,0.00,0.00
1784,8,1,%usr,%sys,%idle
1785,8,1,100.00,0.00,0.00
1787,8,1,%usr,%sys,%idle
1788,8,1,100.00,0.00,0.00
1790,8,1,%usr,%sys,%idle
1791,8,1,100.00,0.00,0.00
1792,8,2,%usr,%sys,%idle
1793,8,2,92.08,0.00,7.92
1795,8,2,%usr,%sys,%idle
1796,8,2,100.00,0.00,0.00
1798,8,2,%usr,%sys,%idle
1799,8,2,100.00,0.00,0.00
1801,8,2,%usr,%sys,%idle
1802,8,2,100.00,0.00,0.00
1804,8,2,%usr,%sys,%idle
1805,8,2,100.00,0.00,0.00
1807,8,2,%usr,%sys,%idle
1808,8,2,100.00,0.00,0.00
1810,8,2,%usr,%sys,%idle
1811,8,2,100.00,0.00,0.00
1813,8,2,%usr,%sys,%idle
1814,8,2,100.00,0.00,0.00
1816,8,2,%usr,%sys,%idle
1817,8,2,100.00,0.00,0.00
1819,8,2,%usr,%sys,%idle
1820,8,2,100.00,0.00,0.00
1822,8,2,%usr,%sys,%idle
1823,8,2,100.00,0.00,0.00
1825,8,2,%usr,%sys,%idle
1826,8,2,100.00,0.00,0.00
1828,8,2,%usr,%sys,%idle
1829,8,2,100.00,0.00,0.00
1831,8,2,%usr,%sys,%idle
1832,8,2,100.00,0.00,0.00
1834,8,2,%usr,%sys,%idle
1835,8,2,100.00,0.00,0.00
1837,8,2,%usr,%sys,%idle
1838,8,2,100.00,0.00,0.00
1840,8,2,%usr,%sys,%idle
1841,8,2,100.00,0.00,0.00
1843,8,2,%usr,%sys,%idle
1844,8,2,100.00,0.00,0.00
1846,8,2,%usr,%sys,%idle
1847,8,2,100.00,0.00,0.00
1849,8,2,%usr,%sys,%idle
1850,8,2,100.00,0.00,0.00
1852,8,2,%usr,%sys,%idle
1853,8,2,100.00,0.00,0.00
1855,8,2,%usr,%sys,%idle
1856,8,2,100.00,0.00,0.00
1858,8,2,%usr,%sys,%idle
1859,8,2,100.00,0.00,0.00
1861,8,2,%usr,%sys,%idle
1862,8,2,100.00,0.00,0.00
1864,8,2,%usr,%sys,%idle
1865,8,2,100.00,0.00,0.00
1867,8,2,%usr,%sys,%idle
1868,8,2,100.00,0.00,0.00
1870,8,2,%usr,%sys,%idle
1871,8,2,100.00,0.00,0.00
1873,8,2,%usr,%sys,%idle
1874,8,2,100.00,0.00,0.00
1876,8,2,%usr,%sys,%idle
1877,8,2,100.00,0.00,0.00
1879,8,2,%usr,%sys,%idle
1880,8,2,100.00,0.00,0.00
1882,8,2,%usr,%sys,%idle
1883,8,2,100.00,0.00,0.00
1885,8,2,%usr,%sys,%idle
1886,8,2,100.00,0.00,0.00
1888,8,2,%usr,%sys,%idle
1889,8,2,100.00,0.00,0.00
1891,8,2,%usr,%sys,%idle
1892,8,2,100.00,0.00,0.00
1894,8,2,%usr,%sys,%idle
1895,8,2,100.00,0.00,0.00
1897,8,2,%usr,%sys,%idle
1898,8,2,100.00,0.00,0.00
1900,8,2,%usr,%sys,%idle
1901,8,2,100.00,0.00,0.00
1903,8,2,%usr,%sys,%idle
1904,8,2,100.00,0.00,0.00
1906,8,2,%usr,%sys,%idle
1907,8,2,100.00,0.00,0.00
1909,8,2,%usr,%sys,%idle
1910,8,2,100.00,0.00,0.00
1912,8,2,%usr,%sys,%idle
1913,8,2,100.00,0.00,0.00
1915,8,2,%usr,%sys,%idle
1916,8,2,100.00,0.00,0.00
1918,8,2,%usr,%sys,%idle
1919,8,2,100.00,0.00,0.00
1921,8,2,%usr,%sys,%idle
1922,8,2,100.00,0.00,0.00
1924,8,2,%usr,%sys,%idle
1925,8,2,100.00,0.00,0.00
1927,8,2,%usr,%sys,%idle
1928,8,2,100.00,0.00,0.00
1930,8,2,%usr,%sys,%idle
1931,8,2,100.00,0.00,0.00
1933,8,2,%usr,%sys,%idle
1934,8,2,100.00,0.00,0.00
1936,8,2,%usr,%sys,%idle
1937,8,2,100.00,0.00,0.00
1939,8,2,%usr,%sys,%idle
1940,8,2,100.00,0.00,0.00
1942,8,2,%usr,%sys,%idle
1943,8,2,100.00,0.00,0.00
1945,8,2,%usr,%sys,%idle
1946,8,2,100.00,0.00,0.00
1948,8,2,%usr,%sys,%idle
1949,8,2,100.00,0.00,0.00
1951,8,2,%usr,%sys,%idle
1952,8,2,100.00,0.00,0.00
1954,8,2,%usr,%sys,%idle
1955,8,2,100.00,0.00,0.00
1957,8,2,%usr,%sys,%idle
1958,8,2,100.00,0.00,0.00
1960,8,2,%usr,%sys,%idle
1961,8,2,100.00,0.00,0.00
1963,8,2,%usr,%sys,%idle
1964,8,2,100.00,0.00,0.00
1966,8,2,%usr,%sys,%idle
1967,8,2,100.00,0.00,0.00
1969,8,2,%usr,%sys,%idle
1970,8,2,100.00,0.00,0.00
1971,8,3,%usr,%sys,%idle
1972,8,3,92.08,0.00,7.92
1974,8,3,%usr,%sys,%idle
1975,8,3,100.00,0.00,0.00
1977,8,3,%usr,%sys,%idle
1978,8,3,100.00,0.00,0.00
1980,8,3,%usr,%sys,%idle
1981,8,3,100.00,0.00,0.00
1983,8,3,%usr,%sys,%idle
1984,8,3,100.00,0.00,0.00
1986,8,3,%usr,%sys,%idle
1987,8,3,100.00,0.00,0.00
1989,8,3,%usr,%sys,%idle
1990,8,3,100.00,0.00,0.00
1992,8,3,%usr,%sys,%idle
1993,8,3,100.00,0.00,0.00
1995,8,3,%usr,%sys,%idle
1996,8,3,100.00,0.00,0.00
1998,8,3,%usr,%sys,%idle
1999,8,3,100.00,0.00,0.00
2001,8,3,%usr,%sys,%idle
2002,8,3,100.00,0.00,0.00
2004,8,3,%usr,%sys,%idle
2005,8,3,100.00,0.00,0.00
2007,8,3,%usr,%sys,%idle
2008,8,3,100.00,0.00,0.00
2010,8,3,%usr,%sys,%idle
2011,8,3,100.00,0.00,0.00
2013,8,3,%usr,%sys,%idle
2014,8,3,100.00,0.00,0.00
2016,8,3,%usr,%sys,%idle
2017,8,3,100.00,0.00,0.00
2019,8,3,%usr,%sys,%idle
2020,8,3,100.00,0.00,0.00
2022,8,3,%usr,%sys,%idle
2023,8,3,100.00,0.00,0.00
2025,8,3,%usr,%sys,%idle
2026,8,3,100.00,0.00,0.00
2028,8,3,%usr,%sys,%idle
2029,8,3,100.00,0.00,0.00
2031,8,3,%usr,%sys,%idle
2032,8,3,100.00,0.00,0.00
2034,8,3,%usr,%sys,%idle
2035,8,3,100.00,0.00,0.00
2037,8,3,%usr,%sys,%idle
2038,8,3,100.00,0.00,0.00
2040,8,3,%usr,%sys,%idle
2041,8,3,100.00,0.00,0.00
2043,8,3,%usr,%sys,%idle
2044,8,3,100.00,0.00,0.00
2046,8,3,%usr,%sys,%idle
2047,8,3,100.00,0.00,0.00
2049,8,3,%usr,%sys,%idle
2050,8,3,100.00,0.00,0.00
2052,8,3,%usr,%sys,%idle
2053,8,3,100.00,0.00,0.00
2055,8,3,%usr,%sys,%idle
2056,8,3,100.00,0.00,0.00
2058,8,3,%usr,%sys,%idle
2059,8,3,100.00,0.00,0.00
2061,8,3,%usr,%sys,%idle
2062,8,3,100.00,0.00,0.00
2064,8,3,%usr,%sys,%idle
2065,8,3,100.00,0.00,0.00
2067,8,3,%usr,%sys,%idle
2068,8,3,100.00,0.00,0.00
2070,8,3,%usr,%sys,%idle
2071,8,3,100.00,0.00,0.00
2073,8,3,%usr,%sys,%idle
2074,8,3,100.00,0.00,0.00
2076,8,3,%usr,%sys,%idle
2077,8,3,100.00,0.00,0.00
2079,8,3,%usr,%sys,%idle
2080,8,3,100.00,0.00,0.00
2082,8,3,%usr,%sys,%idle
2083,8,3,100.00,0.00,0.00
2085,8,3,%usr,%sys,%idle
2086,8,3,100.00,0.00,0.00
2088,8,3,%usr,%sys,%idle
2089,8,3,100.00,0.00,0.00
2091,8,3,%usr,%sys,%idle
2092,8,3,100.00,0.00,0.00
2094,8,3,%usr,%sys,%idle
2095,8,3,100.00,0.00,0.00
2097,8,3,%usr,%sys,%idle
2098,8,3,100.00,0.00,0.00
2100,8,3,%usr,%sys,%idle
2101,8,3,100.00,0.00,0.00
2103,8,3,%usr,%sys,%idle
2104,8,3,100.00,0.00,0.00
2106,8,3,%usr,%sys,%idle
2107,8,3,100.00,0.00,0.00
2109,8,3,%usr,%sys,%idle
2110,8,3,100.00,0.00,0.00
2112,8,3,%usr,%sys,%idle
2113,8,3,100.00,0.00,0.00
2115,8,3,%usr,%sys,%idle
2116,8,3,100.00,0.00,0.00
2118,8,3,%usr,%sys,%idle
2119,8,3,100.00,0.00,0.00
2121,8,3,%usr,%sys,%idle
2122,8,3,100.00,0.00,0.00
2124,8,3,%usr,%sys,%idle
2125,8,3,100.00,0.00,0.00
2127,8,3,%usr,%sys,%idle
2128,8,3,100.00,0.00,0.00
2130,8,3,%usr,%sys,%idle
2131,8,3,100.00,0.00,0.00
2133,8,3,%usr,%sys,%idle
2134,8,3,100.00,0.00,0.00
2136,8,3,%usr,%sys,%idle
2137,8,3,100.00,0.00,0.00
2139,8,3,%usr,%sys,%idle
2140,8,3,100.00,0.00,0.00
2142,8,3,%usr,%sys,%idle
2143,8,3,100.00,0.00,0.00
2145,8,3,%usr,%sys,%idle
2146,8,3,100.00,0.00,0.00
2148,8,3,%usr,%sys,%idle
2149,8,3,100.00,0.00,0.00
2150,16,1,%usr,%sys,%idle
2151,16,1,93.07,0.00,6.93
2153,16,1,%usr,%sys,%idle
2154,16,1,100.00,0.00,0.00
2156,16,1,%usr,%sys,%idle
2157,16,1,100.00,0.00,0.00
2159,16,1,%usr,%sys,%idle
2160,16,1,100.00,0.00,0.00
2162,16,1,%usr,%sys,%idle
2163,16,1,100.00,0.00,0.00
2165,16,1,%usr,%sys,%idle
2166,16,1,100.00,0.00,0.00
2168,16,1,%usr,%sys,%idle
2169,16,1,100.00,0.00,0.00
2171,16,1,%usr,%sys,%idle
2172,16,1,100.00,0.00,0.00
2174,16,1,%usr,%sys,%idle
2175,16,1,100.00,0.00,0.00
2177,16,1,%usr,%sys,%idle
2178,16,1,100.00,0.00,0.00
2180,16,1,%usr,%sys,%idle
2181,16,1,100.00,0.00,0.00
2183,16,1,%usr,%sys,%idle
2184,16,1,100.00,0.00,0.00
2186,16,1,%usr,%sys,%idle
2187,16,1,100.00,0.00,0.00
2189,16,1,%usr,%sys,%idle
2190,16,1,100.00,0.00,0.00
2192,16,1,%usr,%sys,%idle
2193,16,1,100.00,0.00,0.00
2195,16,1,%usr,%sys,%idle
2196,16,1,100.00,0.00,0.00
2198,16,1,%usr,%sys,%idle
2199,16,1,100.00,0.00,0.00
2201,16,1,%usr,%sys,%idle
2202,16,1,100.00,0.00,0.00
2204,16,1,%usr,%sys,%idle
2205,16,1,100.00,0.00,0.00
2207,16,1,%usr,%sys,%idle
2208,16,1,100.00,0.00,0.00
2210,16,1,%usr,%sys,%idle
2211,16,1,100.00,0.00,0.00
2213,16,1,%usr,%sys,%idle
2214,16,1,100.00,0.00,0.00
2216,16,1,%usr,%sys,%idle
2217,16,1,100.00,0.00,0.00
2219,16,1,%usr,%sys,%idle
2220,16,1,100.00,0.00,0.00
2222,16,1,%usr,%sys,%idle
2223,16,1,100.00,0.00,0.00
2225,16,1,%usr,%sys,%idle
2226,16,1,100.00,0.00,0.00
2228,16,1,%usr,%sys,%idle
2229,16,1,100.00,0.00,0.00
2231,16,1,%usr,%sys,%idle
2232,16,1,100.00,0.00,0.00
2234,16,1,%usr,%sys,%idle
2235,16,1,100.00,0.00,0.00
2237,16,1,%usr,%sys,%idle
2238,16,1,100.00,0.00,0.00
2240,16,1,%usr,%sys,%idle
2241,16,1,100.00,0.00,0.00
2243,16,1,%usr,%sys,%idle
2244,16,1,100.00,0.00,0.00
2246,16,1,%usr,%sys,%idle
2247,16,1,100.00,0.00,0.00
2249,16,1,%usr,%sys,%idle
2250,16,1,100.00,0.00,0.00
2252,16,1,%usr,%sys,%idle
2253,16,1,100.00,0.00,0.00
2255,16,1,%usr,%sys,%idle
2256,16,1,100.00,0.00,0.00
2258,16,1,%usr,%sys,%idle
2259,16,1,100.00,0.00,0.00
2261,16,1,%usr,%sys,%idle
2262,16,1,100.00,0.00,0.00
2264,16,1,%usr,%sys,%idle
2265,16,1,100.00,0.00,0.00
2267,16,1,%usr,%sys,%idle
2268,16,1,100.00,0.00,0.00
2270,16,1,%usr,%sys,%idle
2271,16,1,100.00,0.00,0.00
2273,16,1,%usr,%sys,%idle
2274,16,1,100.00,0.00,0.00
2276,16,1,%usr,%sys,%idle
2277,16,1,100.00,0.00,0.00
2279,16,1,%usr,%sys,%idle
2280,16,1,100.00,0.00,0.00
2282,16,1,%usr,%sys,%idle
2283,16,1,100.00,0.00,0.00
2285,16,1,%usr,%sys,%idle
2286,16,1,100.00,0.00,0.00
2288,16,1,%usr,%sys,%idle
2289,16,1,100.00,0.00,0.00
2291,16,1,%usr,%sys,%idle
2292,16,1,100.00,0.00,0.00
2294,16,1,%usr,%sys,%idle
2295,16,1,100.00,0.00,0.00
2297,16,1,%usr,%sys,%idle
2298,16,1,100.00,0.00,0.00
2300,16,1,%usr,%sys,%idle
2301,16,1,100.00,0.00,0.00
2303,16,1,%usr,%sys,%idle
2304,16,1,100.00,0.00,0.00
2306,16,1,%usr,%sys,%idle
2307,16,1,100.00,0.00,0.00
2309,16,1,%usr,%sys,%idle
2310,16,1,100.00,0.00,0.00
2312,16,1,%usr,%sys,%idle
2313,16,1,100.00,0.00,0.00
2315,16,1,%usr,%sys,%idle
2316,16,1,100.00,0.00,0.00
2318,16,1,%usr,%sys,%idle
2319,16,1,100.00,0.00,0.00
2321,16,1,%usr,%sys,%idle
2322,16,1,100.00,0.00,0.00
2324,16,1,%usr,%sys,%idle
2325,16,1,100.00,0.00,0.00
2327,16,1,%usr,%sys,%idle
2328,16,1,100.00,0.00,0.00
2329,16,2,%usr,%sys,%idle
2330,16,2,93.00,0.00,7.00
2332,16,2,%usr,%sys,%idle
2333,16,2,100.00,0.00,0.00
2335,16,2,%usr,%sys,%idle
2336,16,2,100.00,0.00,0.00
2338,16,2,%usr,%sys,%idle
2339,16,2,100.00,0.00,0.00
2341,16,2,%usr,%sys,%idle
2342,16,2,100.00,0.00,0.00
2344,16,2,%usr,%sys,%idle
2345,16,2,100.00,0.00,0.00
2347,16,2,%usr,%sys,%idle
2348,16,2,100.00,0.00,0.00
2350,16,2,%usr,%sys,%idle
2351,16,2,100.00,0.00,0.00
2353,16,2,%usr,%sys,%idle
2354,16,2,100.00,0.00,0.00
2356,16,2,%usr,%sys,%idle
2357,16,2,100.00,0.00,0.00
2359,16,2,%usr,%sys,%idle
2360,16,2,100.00,0.00,0.00
2362,16,2,%usr,%sys,%idle
2363,16,2,100.00,0.00,0.00
2365,16,2,%usr,%sys,%idle
2366,16,2,100.00,0.00,0.00
2368,16,2,%usr,%sys,%idle
2369,16,2,100.00,0.00,0.00
2371,16,2,%usr,%sys,%idle
2372,16,2,100.00,0.00,0.00
2374,16,2,%usr,%sys,%idle
2375,16,2,100.00,0.00,0.00
2377,16,2,%usr,%sys,%idle
2378,16,2,100.00,0.00,0.00
2380,16,2,%usr,%sys,%idle
2381,16,2,100.00,0.00,0.00
2383,16,2,%usr,%sys,%idle
2384,16,2,100.00,0.00,0.00
2386,16,2,%usr,%sys,%idle
2387,16,2,100.00,0.00,0.00
2389,16,2,%usr,%sys,%idle
2390,16,2,100.00,0.00,0.00
2392,16,2,%usr,%sys,%idle
2393,16,2,100.00,0.00,0.00
2395,16,2,%usr,%sys,%idle
2396,16,2,100.00,0.00,0.00
2398,16,2,%usr,%sys,%idle
2399,16,2,100.00,0.00,0.00
2401,16,2,%usr,%sys,%idle
2402,16,2,100.00,0.00,0.00
2404,16,2,%usr,%sys,%idle
2405,16,2,100.00,0.00,0.00
2407,16,2,%usr,%sys,%idle
2408,16,2,100.00,0.00,0.00
2410,16,2,%usr,%sys,%idle
2411,16,2,100.00,0.00,0.00
2413,16,2,%usr,%sys,%idle
2414,16,2,100.00,0.00,0.00
2416,16,2,%usr,%sys,%idle
2417,16,2,100.00,0.00,0.00
2419,16,2,%usr,%sys,%idle
2420,16,2,100.00,0.00,0.00
2422,16,2,%usr,%sys,%idle
2423,16,2,100.00,0.00,0.00
2425,16,2,%usr,%sys,%idle
2426,16,2,100.00,0.00,0.00
2428,16,2,%usr,%sys,%idle
2429,16,2,100.00,0.00,0.00
2431,16,2,%usr,%sys,%idle
2432,16,2,100.00,0.00,0.00
2434,16,2,%usr,%sys,%idle
2435,16,2,100.00,0.00,0.00
2437,16,2,%usr,%sys,%idle
2438,16,2,100.00,0.00,0.00
2440,16,2,%usr,%sys,%idle
2441,16,2,100.00,0.00,0.00
2443,16,2,%usr,%sys,%idle
2444,16,2,100.00,0.00,0.00
2446,16,2,%usr,%sys,%idle
2447,16,2,100.00,0.00,0.00
2449,16,2,%usr,%sys,%idle
2450,16,2,100.00,0.00,0.00
2452,16,2,%usr,%sys,%idle
2453,16,2,100.00,0.00,0.00
2455,16,2,%usr,%sys,%idle
2456,16,2,100.00,0.00,0.00
2458,16,2,%usr,%sys,%idle
2459,16,2,100.00,0.00,0.00
2461,16,2,%usr,%sys,%idle
2462,16,2,100.00,0.00,0.00
2464,16,2,%usr,%sys,%idle
2465,16,2,100.00,0.00,0.00
2467,16,2,%usr,%sys,%idle
2468,16,2,100.00,0.00,0.00
2470,16,2,%usr,%sys,%idle
2471,16,2,100.00,0.00,0.00
2473,16,2,%usr,%sys,%idle
2474,16,2,100.00,0.00,0.00
2476,16,2,%usr,%sys,%idle
2477,16,2,100.00,0.00,0.00
2479,16,2,%usr,%sys,%idle
2480,16,2,100.00,0.00,0.00
2482,16,2,%usr,%sys,%idle
2483,16,2,100.00,0.00,0.00
2485,16,2,%usr,%sys,%idle
2486,16,2,100.00,0.00,0.00
2488,16,2,%usr,%sys,%idle
2489,16,2,100.00,0.00,0.00
2491,16,2,%usr,%sys,%idle
2492,16,2,100.00,0.00,0.00
2494,16,2,%usr,%sys,%idle
2495,16,2,100.00,0.00,0.00
2497,16,2,%usr,%sys,%idle
2498,16,2,100.00,0.00,0.00
2500,16,2,%usr,%sys,%idle
2501,16,2,100.00,0.00,0.00
2503,16,2,%usr,%sys,%idle
2504,16,2,100.00,0.00,0.00
2506,16,2,%usr,%sys,%idle
2507,16,2,100.00,0.00,0.00
2508,16,3,%usr,%sys,%idle
2509,16,3,92.00,0.00,8.00
2511,16,3,%usr,%sys,%idle
2512,16,3,100.00,0.00,0.00
2514,16,3,%usr,%sys,%idle
2515,16,3,100.00,0.00,0.00
2517,16,3,%usr,%sys,%idle
2518,16,3,100.00,0.00,0.00
2520,16,3,%usr,%sys,%idle
2521,16,3,100.00,0.00,0.00
2523,16,3,%usr,%sys,%idle
2524,16,3,100.00,0.00,0.00
2526,16,3,%usr,%sys,%idle
2527,16,3,100.00,0.00,0.00
2529,16,3,%usr,%sys,%idle
2530,16,3,100.00,0.00,0.00
2532,16,3,%usr,%sys,%idle
2533,16,3,100.00,0.00,0.00
2535,16,3,%usr,%sys,%idle
2536,16,3,100.00,0.00,0.00
2538,16,3,%usr,%sys,%idle
2539,16,3,100.00,0.00,0.00
2541,16,3,%usr,%sys,%idle
2542,16,3,100.00,0.00,0.00
2544,16,3,%usr,%sys,%idle
2545,16,3,100.00,0.00,0.00
2547,16,3,%usr,%sys,%idle
2548,16,3,100.00,0.00,0.00
2550,16,3,%usr,%sys,%idle
2551,16,3,100.00,0.00,0.00
2553,16,3,%usr,%sys,%idle
2554,16,3,100.00,0.00,0.00
2556,16,3,%usr,%sys,%idle
2557,16,3,100.00,0.00,0.00
2559,16,3,%usr,%sys,%idle
2560,16,3,100.00,0.00,0.00
2562,16,3,%usr,%sys,%idle
2563,16,3,100.00,0.00,0.00
2565,16,3,%usr,%sys,%idle
2566,16,3,100.00,0.00,0.00
2568,16,3,%usr,%sys,%idle
2569,16,3,100.00,0.00,0.00
2571,16,3,%usr,%sys,%idle
2572,16,3,100.00,0.00,0.00
2574,16,3,%usr,%sys,%idle
2575,16,3,100.00,0.00,0.00
2577,16,3,%usr,%sys,%idle
2578,16,3,100.00,0.00,0.00
2580,16,3,%usr,%sys,%idle
2581,16,3,100.00,0.00,0.00
2583,16,3,%usr,%sys,%idle
2584,16,3,100.00,0.00,0.00
2586,16,3,%usr,%sys,%idle
2587,16,3,100.00,0.00,0.00
2589,16,3,%usr,%sys,%idle
2590,16,3,100.00,0.00,0.00
2592,16,3,%usr,%sys,%idle
2593,16,3,100.00,0.00,0.00
2595,16,3,%usr,%sys,%idle
2596,16,3,100.00,0.00,0.00
2598,16,3,%usr,%sys,%idle
2599,16,3,100.00,0.00,0.00
2601,16,3,%usr,%sys,%idle
2602,16,3,100.00,0.00,0.00
2604,16,3,%usr,%sys,%idle
2605,16,3,100.00,0.00,0.00
2607,16,3,%usr,%sys,%idle
2608,16,3,100.00,0.00,0.00
2610,16,3,%usr,%sys,%idle
2611,16,3,100.00,0.00,0.00
2613,16,3,%usr,%sys,%idle
2614,16,3,100.00,0.00,0.00
2616,16,3,%usr,%sys,%idle
2617,16,3,100.00,0.00,0.00
2619,16,3,%usr,%sys,%idle
2620,16,3,100.00,0.00,0.00
2622,16,3,%usr,%sys,%idle
2623,16,3,100.00,0.00,0.00
2625,16,3,%usr,%sys,%idle
2626,16,3,100.00,0.00,0.00
2628,16,3,%usr,%sys,%idle
2629,16,3,100.00,0.00,0.00
2631,16,3,%usr,%sys,%idle
2632,16,3,100.00,0.00,0.00
2634,16,3,%usr,%sys,%idle
2635,16,3,100.00,0.00,0.00
2637,16,3,%usr,%sys,%idle
2638,16,3,100.00,0.00,0.00
2640,16,3,%usr,%sys,%idle
2641,16,3,100.00,0.00,0.00
2643,16,3,%usr,%sys,%idle
2644,16,3,100.00,0.00,0.00
2646,16,3,%usr,%sys,%idle
2647,16,3,100.00,0.00,0.00
2649,16,3,%usr,%sys,%idle
2650,16,3,100.00,0.00,0.00
2652,16,3,%usr,%sys,%idle
2653,16,3,100.00,0.00,0.00
2655,16,3,%usr,%sys,%idle
2656,16,3,100.00,0.00,0.00
2658,16,3,%usr,%sys,%idle
2659,16,3,100.00,0.00,0.00
2661,16,3,%usr,%sys,%idle
2662,16,3,100.00,0.00,0.00
2664,16,3,%usr,%sys,%idle
2665,16,3,100.00,0.00,0.00
2667,16,3,%usr,%sys,%idle
2668,16,3,100.00,0.00,0.00
2670,16,3,%usr,%sys,%idle
2671,16,3,100.00,0.00,0.00
2673,16,3,%usr,%sys,%idle
2674,16,3,100.00,0.00,0.00
2676,16,3,%usr,%sys,%idle
2677,16,3,100.00,0.00,0.00
2679,16,3,%usr,%sys,%idle
2680,16,3,100.00,0.00,0.00
2682,16,3,%usr,%sys,%idle
2683,16,3,100.00,0.00,0.00
2685,16,3,%usr,%sys,%idle
2686,16,3,100.00,0.00,0.00
2687,32,1,%usr,%sys,%idle
2688,32,1,93.00,0.00,7.00
2690,32,1,%usr,%sys,%idle
2691,32,1,100.00,0.00,0.00
2693,32,1,%usr,%sys,%idle
2694,32,1,100.00,0.00,0.00
2696,32,1,%usr,%sys,%idle
2697,32,1,100.00,0.00,0.00
2699,32,1,%usr,%sys,%idle
2700,32,1,100.00,0.00,0.00
2702,32,1,%usr,%sys,%idle
2703,32,1,100.00,0.00,0.00
2705,32,1,%usr,%sys,%idle
2706,32,1,100.00,0.00,0.00
2708,32,1,%usr,%sys,%idle
2709,32,1,100.00,0.00,0.00
2711,32,1,%usr,%sys,%idle
2712,32,1,100.00,0.00,0.00
2714,32,1,%usr,%sys,%idle
2715,32,1,100.00,0.00,0.00
2717,32,1,%usr,%sys,%idle
2718,32,1,100.00,0.00,0.00
2720,32,1,%usr,%sys,%idle
2721,32,1,100.00,0.00,0.00
2723,32,1,%usr,%sys,%idle
2724,32,1,100.00,0.00,0.00
2726,32,1,%usr,%sys,%idle
2727,32,1,100.00,0.00,0.00
2729,32,1,%usr,%sys,%idle
2730,32,1,100.00,0.00,0.00
2732,32,1,%usr,%sys,%idle
2733,32,1,100.00,0.00,0.00
2735,32,1,%usr,%sys,%idle
2736,32,1,100.00,0.00,0.00
2738,32,1,%usr,%sys,%idle
2739,32,1,100.00,0.00,0.00
2741,32,1,%usr,%sys,%idle
2742,32,1,100.00,0.00,0.00
2744,32,1,%usr,%sys,%idle
2745,32,1,100.00,0.00,0.00
2747,32,1,%usr,%sys,%idle
2748,32,1,100.00,0.00,0.00
2750,32,1,%usr,%sys,%idle
2751,32,1,100.00,0.00,0.00
2753,32,1,%usr,%sys,%idle
2754,32,1,100.00,0.00,0.00
2756,32,1,%usr,%sys,%idle
2757,32,1,100.00,0.00,0.00
2759,32,1,%usr,%sys,%idle
2760,32,1,100.00,0.00,0.00
2762,32,1,%usr,%sys,%idle
2763,32,1,100.00,0.00,0.00
2765,32,1,%usr,%sys,%idle
2766,32,1,100.00,0.00,0.00
2768,32,1,%usr,%sys,%idle
2769,32,1,100.00,0.00,0.00
2771,32,1,%usr,%sys,%idle
2772,32,1,100.00,0.00,0.00
2774,32,1,%usr,%sys,%idle
2775,32,1,100.00,0.00,0.00
2777,32,1,%usr,%sys,%idle
2778,32,1,100.00,0.00,0.00
2780,32,1,%usr,%sys,%idle
2781,32,1,100.00,0.00,0.00
2783,32,1,%usr,%sys,%idle
2784,32,1,100.00,0.00,0.00
2786,32,1,%usr,%sys,%idle
2787,32,1,100.00,0.00,0.00
2789,32,1,%usr,%sys,%idle
2790,32,1,100.00,0.00,0.00
2792,32,1,%usr,%sys,%idle
2793,32,1,100.00,0.00,0.00
2795,32,1,%usr,%sys,%idle
2796,32,1,100.00,0.00,0.00
2798,32,1,%usr,%sys,%idle
2799,32,1,100.00,0.00,0.00
2801,32,1,%usr,%sys,%idle
2802,32,1,100.00,0.00,0.00
2804,32,1,%usr,%sys,%idle
2805,32,1,100.00,0.00,0.00
2807,32,1,%usr,%sys,%idle
2808,32,1,100.00,0.00,0.00
2810,32,1,%usr,%sys,%idle
2811,32,1,100.00,0.00,0.00
2813,32,1,%usr,%sys,%idle
2814,32,1,100.00,0.00,0.00
2816,32,1,%usr,%sys,%idle
2817,32,1,100.00,0.00,0.00
2819,32,1,%usr,%sys,%idle
2820,32,1,100.00,0.00,0.00
2822,32,1,%usr,%sys,%idle
2823,32,1,100.00,0.00,0.00
2825,32,1,%usr,%sys,%idle
2826,32,1,100.00,0.00,0.00
2828,32,1,%usr,%sys,%idle
2829,32,1,100.00,0.00,0.00
2831,32,1,%usr,%sys,%idle
2832,32,1,100.00,0.00,0.00
2834,32,1,%usr,%sys,%idle
2835,32,1,100.00,0.00,0.00
2837,32,1,%usr,%sys,%idle
2838,32,1,100.00,0.00,0.00
2840,32,1,%usr,%sys,%idle
2841,32,1,100.00,0.00,0.00
2843,32,1,%usr,%sys,%idle
2844,32,1,100.00,0.00,0.00
2846,32,1,%usr,%sys,%idle
2847,32,1,100.00,0.00,0.00
2849,32,1,%usr,%sys,%idle
2850,32,1,100.00,0.00,0.00
2852,32,1,%usr,%sys,%idle
2853,32,1,100.00,0.00,0.00
2855,32,1,%usr,%sys,%idle
2856,32,1,100.00,0.00,0.00
2858,32,1,%usr,%sys,%idle
2859,32,1,100.00,0.00,0.00
2861,32,1,%usr,%sys,%idle
2862,32,1,100.00,0.00,0.00
2864,32,1,%usr,%sys,%idle
2865,32,1,100.00,0.00,0.00
2866,32,2,%usr,%sys,%idle
2867,32,2,92.08,0.00,7.92
2869,32,2,%usr,%sys,%idle
2870,32,2,100.00,0.00,0.00
2872,32,2,%usr,%sys,%idle
2873,32,2,100.00,0.00,0.00
2875,32,2,%usr,%sys,%idle
2876,32,2,100.00,0.00,0.00
2878,32,2,%usr,%sys,%idle
2879,32,2,100.00,0.00,0.00
2881,32,2,%usr,%sys,%idle
2882,32,2,100.00,0.00,0.00
2884,32,2,%usr,%sys,%idle
2885,32,2,100.00,0.00,0.00
2887,32,2,%usr,%sys,%idle
2888,32,2,100.00,0.00,0.00
2890,32,2,%usr,%sys,%idle
2891,32,2,100.00,0.00,0.00
2893,32,2,%usr,%sys,%idle
2894,32,2,100.00,0.00,0.00
2896,32,2,%usr,%sys,%idle
2897,32,2,100.00,0.00,0.00
2899,32,2,%usr,%sys,%idle
2900,32,2,100.00,0.00,0.00
2902,32,2,%usr,%sys,%idle
2903,32,2,100.00,0.00,0.00
2905,32,2,%usr,%sys,%idle
2906,32,2,100.00,0.00,0.00
2908,32,2,%usr,%sys,%idle
2909,32,2,100.00,0.00,0.00
2911,32,2,%usr,%sys,%idle
2912,32,2,100.00,0.00,0.00
2914,32,2,%usr,%sys,%idle
2915,32,2,100.00,0.00,0.00
2917,32,2,%usr,%sys,%idle
2918,32,2,100.00,0.00,0.00
2920,32,2,%usr,%sys,%idle
2921,32,2,100.00,0.00,0.00
2923,32,2,%usr,%sys,%idle
2924,32,2,100.00,0.00,0.00
2926,32,2,%usr,%sys,%idle
2927,32,2,100.00,0.00,0.00
2929,32,2,%usr,%sys,%idle
2930,32,2,100.00,0.00,0.00
2932,32,2,%usr,%sys,%idle
2933,32,2,100.00,0.00,0.00
2935,32,2,%usr,%sys,%idle
2936,32,2,100.00,0.00,0.00
2938,32,2,%usr,%sys,%idle
2939,32,2,100.00,0.00,0.00
2941,32,2,%usr,%sys,%idle
2942,32,2,100.00,0.00,0.00
2944,32,2,%usr,%sys,%idle
2945,32,2,100.00,0.00,0.00
2947,32,2,%usr,%sys,%idle
2948,32,2,100.00,0.00,0.00
2950,32,2,%usr,%sys,%idle
2951,32,2,100.00,0.00,0.00
2953,32,2,%usr,%sys,%idle
2954,32,2,100.00,0.00,0.00
2956,32,2,%usr,%sys,%idle
2957,32,2,100.00,0.00,0.00
2959,32,2,%usr,%sys,%idle
2960,32,2,100.00,0.00,0.00
2962,32,2,%usr,%sys,%idle
2963,32,2,100.00,0.00,0.00
2965,32,2,%usr,%sys,%idle
2966,32,2,100.00,0.00,0.00
2968,32,2,%usr,%sys,%idle
2969,32,2,100.00,0.00,0.00
2971,32,2,%usr,%sys,%idle
2972,32,2,100.00,0.00,0.00
2974,32,2,%usr,%sys,%idle
2975,32,2,100.00,0.00,0.00
2977,32,2,%usr,%sys,%idle
2978,32,2,100.00,0.00,0.00
2980,32,2,%usr,%sys,%idle
2981,32,2,100.00,0.00,0.00
2983,32,2,%usr,%sys,%idle
2984,32,2,100.00,0.00,0.00
2986,32,2,%usr,%sys,%idle
2987,32,2,100.00,0.00,0.00
2989,32,2,%usr,%sys,%idle
2990,32,2,100.00,0.00,0.00
2992,32,2,%usr,%sys,%idle
2993,32,2,100.00,0.00,0.00
2995,32,2,%usr,%sys,%idle
2996,32,2,100.00,0.00,0.00
2998,32,2,%usr,%sys,%idle
2999,32,2,100.00,0.00,0.00
3001,32,2,%usr,%sys,%idle
3002,32,2,100.00,0.00,0.00
3004,32,2,%usr,%sys,%idle
3005,32,2,100.00,0.00,0.00
3007,32,2,%usr,%sys,%idle
3008,32,2,100.00,0.00,0.00
3010,32,2,%usr,%sys,%idle
3011,32,2,100.00,0.00,0.00
3013,32,2,%usr,%sys,%idle
3014,32,2,100.00,0.00,0.00
3016,32,2,%usr,%sys,%idle
3017,32,2,100.00,0.00,0.00
3019,32,2,%usr,%sys,%idle
3020,32,2,100.00,0.00,0.00
3022,32,2,%usr,%sys,%idle
3023,32,2,100.00,0.00,0.00
3025,32,2,%usr,%sys,%idle
3026,32,2,100.00,0.00,0.00
3028,32,2,%usr,%sys,%idle
3029,32,2,100.00,0.00,0.00
3031,32,2,%usr,%sys,%idle
3032,32,2,100.00,0.00,0.00
3034,32,2,%usr,%sys,%idle
3035,32,2,100.00,0.00,0.00
3037,32,2,%usr,%sys,%idle
3038,32,2,100.00,0.00,0.00
3040,32,2,%usr,%sys,%idle
3041,32,2,100.00,0.00,0.00
3043,32,2,%usr,%sys,%idle
3044,32,2,100.00,0.00,0.00
3045,32,3,%usr,%sys,%idle
3046,32,3,93.00,0.00,7.00
3048,32,3,%usr,%sys,%idle
3049,32,3,100.00,0.00,0.00
3051,32,3,%usr,%sys,%idle
3052,32,3,100.00,0.00,0.00
3054,32,3,%usr,%sys,%idle
3055,32,3,100.00,0.00,0.00
3057,32,3,%usr,%sys,%idle
3058,32,3,100.00,0.00,0.00
3060,32,3,%usr,%sys,%idle
3061,32,3,100.00,0.00,0.00
3063,32,3,%usr,%sys,%idle
3064,32,3,100.00,0.00,0.00
3066,32,3,%usr,%sys,%idle
3067,32,3,100.00,0.00,0.00
3069,32,3,%usr,%sys,%idle
3070,32,3,100.00,0.00,0.00
3072,32,3,%usr,%sys,%idle
3073,32,3,100.00,0.00,0.00
3075,32,3,%usr,%sys,%idle
3076,32,3,100.00,0.00,0.00
3078,32,3,%usr,%sys,%idle
3079,32,3,100.00,0.00,0.00
3081,32,3,%usr,%sys,%idle
3082,32,3,100.00,0.00,0.00
3084,32,3,%usr,%sys,%idle
3085,32,3,100.00,0.00,0.00
3087,32,3,%usr,%sys,%idle
3088,32,3,100.00,0.00,0.00
3090,32,3,%usr,%sys,%idle
3091,32,3,100.00,0.00,0.00
3093,32,3,%usr,%sys,%idle
3094,32,3,100.00,0.00,0.00
3096,32,3,%usr,%sys,%idle
3097,32,3,100.00,0.00,0.00
3099,32,3,%usr,%sys,%idle
3100,32,3,100.00,0.00,0.00
3102,32,3,%usr,%sys,%idle
3103,32,3,100.00,0.00,0.00
3105,32,3,%usr,%sys,%idle
3106,32,3,100.00,0.00,0.00
3108,32,3,%usr,%sys,%idle
3109,32,3,100.00,0.00,0.00
3111,32,3,%usr,%sys,%idle
3112,32,3,100.00,0.00,0.00
3114,32,3,%usr,%sys,%idle
3115,32,3,100.00,0.00,0.00
3117,32,3,%usr,%sys,%idle
3118,32,3,100.00,0.00,0.00
3120,32,3,%usr,%sys,%idle
3121,32,3,100.00,0.00,0.00
3123,32,3,%usr,%sys,%idle
3124,32,3,100.00,0.00,0.00
3126,32,3,%usr,%sys,%idle
3127,32,3,100.00,0.00,0.00
3129,32,3,%usr,%sys,%idle
3130,32,3,100.00,0.00,0.00
3132,32,3,%usr,%sys,%idle
3133,32,3,100.00,0.00,0.00
3135,32,3,%usr,%sys,%idle
3136,32,3,100.00,0.00,0.00
3138,32,3,%usr,%sys,%idle
3139,32,3,100.00,0.00,0.00
3141,32,3,%usr,%sys,%idle
3142,32,3,100.00,0.00,0.00
3144,32,3,%usr,%sys,%idle
3145,32,3,100.00,0.00,0.00
3147,32,3,%usr,%sys,%idle
3148,32,3,100.00,0.00,0.00
3150,32,3,%usr,%sys,%idle
3151,32,3,100.00,0.00,0.00
3153,32,3,%usr,%sys,%idle
3154,32,3,100.00,0.00,0.00
3156,32,3,%usr,%sys,%idle
3157,32,3,100.00,0.00,0.00
3159,32,3,%usr,%sys,%idle
3160,32,3,100.00,0.00,0.00
3162,32,3,%usr,%sys,%idle
3163,32,3,100.00,0.00,0.00
3165,32,3,%usr,%sys,%idle
3166,32,3,100.00,0.00,0.00
3168,32,3,%usr,%sys,%idle
3169,32,3,100.00,0.00,0.00
3171,32,3,%usr,%sys,%idle
3172,32,3,100.00,0.00,0.00
3174,32,3,%usr,%sys,%idle
3175,32,3,100.00,0.00,0.00
3177,32,3,%usr,%sys,%idle
3178,32,3,100.00,0.00,0.00
3180,32,3,%usr,%sys,%idle
3181,32,3,100.00,0.00,0.00
3183,32,3,%usr,%sys,%idle
3184,32,3,100.00,0.00,0.00
3186,32,3,%usr,%sys,%idle
3187,32,3,100.00,0.00,0.00
3189,32,3,%usr,%sys,%idle
3190,32,3,100.00,0.00,0.00
3192,32,3,%usr,%sys,%idle
3193,32,3,100.00,0.00,0.00
3195,32,3,%usr,%sys,%idle
3196,32,3,100.00,0.00,0.00
3198,32,3,%usr,%sys,%idle
3199,32,3,100.00,0.00,0.00
3201,32,3,%usr,%sys,%idle
3202,32,3,100.00,0.00,0.00
3204,32,3,%usr,%sys,%idle
3205,32,3,100.00,0.00,0.00
3207,32,3,%usr,%sys,%idle
3208,32,3,100.00,0.00,0.00
3210,32,3,%usr,%sys,%idle
3211,32,3,100.00,0.00,0.00
3213,32,3,%usr,%sys,%idle
3214,32,3,100.00,0.00,0.00
3216,32,3,%usr,%sys,%idle
3217,32,3,100.00,0.00,0.00
3219,32,3,%usr,%sys,%idle
3220,32,3,100.00,0.00,0.00
3222,32,3,%usr,%sys,%idle
3223,32,3,100.00,0.00,0.00
3224,64,1,%usr,%sys,%idle
3225,64,1,93.00,0.00,7.00
3227,64,1,%usr,%sys,%idle
3228,64,1,100.00,0.00,0.00
3230,64,1,%usr,%sys,%idle
3231,64,1,100.00,0.00,0.00
3233,64,1,%usr,%sys,%idle
3234,64,1,100.00,0.00,0.00
3236,64,1,%usr,%sys,%idle
3237,64,1,100.00,0.00,0.00
3239,64,1,%usr,%sys,%idle
3240,64,1,100.00,0.00,0.00
3242,64,1,%usr,%sys,%idle
3243,64,1,100.00,0.00,0.00
3245,64,1,%usr,%sys,%idle
3246,64,1,100.00,0.00,0.00
3248,64,1,%usr,%sys,%idle
3249,64,1,100.00,0.00,0.00
3251,64,1,%usr,%sys,%idle
3252,64,1,100.00,0.00,0.00
3254,64,1,%usr,%sys,%idle
3255,64,1,100.00,0.00,0.00
3257,64,1,%usr,%sys,%idle
3258,64,1,100.00,0.00,0.00
3260,64,1,%usr,%sys,%idle
3261,64,1,100.00,0.00,0.00
3263,64,1,%usr,%sys,%idle
3264,64,1,100.00,0.00,0.00
3266,64,1,%usr,%sys,%idle
3267,64,1,100.00,0.00,0.00
3269,64,1,%usr,%sys,%idle
3270,64,1,100.00,0.00,0.00
3272,64,1,%usr,%sys,%idle
3273,64,1,100.00,0.00,0.00
3275,64,1,%usr,%sys,%idle
3276,64,1,100.00,0.00,0.00
3278,64,1,%usr,%sys,%idle
3279,64,1,100.00,0.00,0.00
3281,64,1,%usr,%sys,%idle
3282,64,1,100.00,0.00,0.00
3284,64,1,%usr,%sys,%idle
3285,64,1,100.00,0.00,0.00
3287,64,1,%usr,%sys,%idle
3288,64,1,100.00,0.00,0.00
3290,64,1,%usr,%sys,%idle
3291,64,1,100.00,0.00,0.00
3293,64,1,%usr,%sys,%idle
3294,64,1,100.00,0.00,0.00
3296,64,1,%usr,%sys,%idle
3297,64,1,100.00,0.00,0.00
3299,64,1,%usr,%sys,%idle
3300,64,1,100.00,0.00,0.00
3302,64,1,%usr,%sys,%idle
3303,64,1,100.00,0.00,0.00
3305,64,1,%usr,%sys,%idle
3306,64,1,100.00,0.00,0.00
3308,64,1,%usr,%sys,%idle
3309,64,1,100.00,0.00,0.00
3311,64,1,%usr,%sys,%idle
3312,64,1,100.00,0.00,0.00
3314,64,1,%usr,%sys,%idle
3315,64,1,100.00,0.00,0.00
3317,64,1,%usr,%sys,%idle
3318,64,1,100.00,0.00,0.00
3320,64,1,%usr,%sys,%idle
3321,64,1,100.00,0.00,0.00
3323,64,1,%usr,%sys,%idle
3324,64,1,100.00,0.00,0.00
3326,64,1,%usr,%sys,%idle
3327,64,1,100.00,0.00,0.00
3329,64,1,%usr,%sys,%idle
3330,64,1,100.00,0.00,0.00
3332,64,1,%usr,%sys,%idle
3333,64,1,100.00,0.00,0.00
3335,64,1,%usr,%sys,%idle
3336,64,1,100.00,0.00,0.00
3338,64,1,%usr,%sys,%idle
3339,64,1,100.00,0.00,0.00
3341,64,1,%usr,%sys,%idle
3342,64,1,100.00,0.00,0.00
3344,64,1,%usr,%sys,%idle
3345,64,1,100.00,0.00,0.00
3347,64,1,%usr,%sys,%idle
3348,64,1,100.00,0.00,0.00
3350,64,1,%usr,%sys,%idle
3351,64,1,100.00,0.00,0.00
3353,64,1,%usr,%sys,%idle
3354,64,1,100.00,0.00,0.00
3356,64,1,%usr,%sys,%idle
3357,64,1,100.00,0.00,0.00
3359,64,1,%usr,%sys,%idle
3360,64,1,100.00,0.00,0.00
3362,64,1,%usr,%sys,%idle
3363,64,1,100.00,0.00,0.00
3365,64,1,%usr,%sys,%idle
3366,64,1,100.00,0.00,0.00
3368,64,1,%usr,%sys,%idle
3369,64,1,100.00,0.00,0.00
3371,64,1,%usr,%sys,%idle
3372,64,1,100.00,0.00,0.00
3374,64,1,%usr,%sys,%idle
3375,64,1,100.00,0.00,0.00
3377,64,1,%usr,%sys,%idle
3378,64,1,100.00,0.00,0.00
3380,64,1,%usr,%sys,%idle
3381,64,1,100.00,0.00,0.00
3383,64,1,%usr,%sys,%idle
3384,64,1,100.00,0.00,0.00
3386,64,1,%usr,%sys,%idle
3387,64,1,100.00,0.00,0.00
3389,64,1,%usr,%sys,%idle
3390,64,1,100.00,0.00,0.00
3392,64,1,%usr,%sys,%idle
3393,64,1,100.00,0.00,0.00
3395,64,1,%usr,%sys,%idle
3396,64,1,100.00,0.00,0.00
3398,64,1,%usr,%sys,%idle
3399,64,1,100.00,0.00,0.00
3401,64,1,%usr,%sys,%idle
3402,64,1,100.00,0.00,0.00
3403,64,2,%usr,%sys,%idle
3404,64,2,93.00,0.00,7.00
3406,64,2,%usr,%sys,%idle
3407,64,2,100.00,0.00,0.00
3409,64,2,%usr,%sys,%idle
3410,64,2,100.00,0.00,0.00
3412,64,2,%usr,%sys,%idle
3413,64,2,100.00,0.00,0.00
3415,64,2,%usr,%sys,%idle
3416,64,2,100.00,0.00,0.00
3418,64,2,%usr,%sys,%idle
3419,64,2,100.00,0.00,0.00
3421,64,2,%usr,%sys,%idle
3422,64,2,100.00,0.00,0.00
3424,64,2,%usr,%sys,%idle
3425,64,2,100.00,0.00,0.00
3427,64,2,%usr,%sys,%idle
3428,64,2,99.00,1.00,0.00
3430,64,2,%usr,%sys,%idle
3431,64,2,100.00,0.00,0.00
3433,64,2,%usr,%sys,%idle
3434,64,2,100.00,0.00,0.00
3436,64,2,%usr,%sys,%idle
3437,64,2,100.00,0.00,0.00
3439,64,2,%usr,%sys,%idle
3440,64,2,100.00,0.00,0.00
3442,64,2,%usr,%sys,%idle
3443,64,2,100.00,0.00,0.00
3445,64,2,%usr,%sys,%idle
3446,64,2,100.00,0.00,0.00
3448,64,2,%usr,%sys,%idle
3449,64,2,100.00,0.00,0.00
3451,64,2,%usr,%sys,%idle
3452,64,2,100.00,0.00,0.00
3454,64,2,%usr,%sys,%idle
3455,64,2,100.00,0.00,0.00
3457,64,2,%usr,%sys,%idle
3458,64,2,100.00,0.00,0.00
3460,64,2,%usr,%sys,%idle
3461,64,2,100.00,0.00,0.00
3463,64,2,%usr,%sys,%idle
3464,64,2,100.00,0.00,0.00
3466,64,2,%usr,%sys,%idle
3467,64,2,100.00,0.00,0.00
3469,64,2,%usr,%sys,%idle
3470,64,2,100.00,0.00,0.00
3472,64,2,%usr,%sys,%idle
3473,64,2,100.00,0.00,0.00
3475,64,2,%usr,%sys,%idle
3476,64,2,100.00,0.00,0.00
3478,64,2,%usr,%sys,%idle
3479,64,2,100.00,0.00,0.00
3481,64,2,%usr,%sys,%idle
3482,64,2,100.00,0.00,0.00
3484,64,2,%usr,%sys,%idle
3485,64,2,100.00,0.00,0.00
3487,64,2,%usr,%sys,%idle
3488,64,2,100.00,0.00,0.00
3490,64,2,%usr,%sys,%idle
3491,64,2,100.00,0.00,0.00
3493,64,2,%usr,%sys,%idle
3494,64,2,100.00,0.00,0.00
3496,64,2,%usr,%sys,%idle
3497,64,2,100.00,0.00,0.00
3499,64,2,%usr,%sys,%idle
3500,64,2,100.00,0.00,0.00
3502,64,2,%usr,%sys,%idle
3503,64,2,100.00,0.00,0.00
3505,64,2,%usr,%sys,%idle
3506,64,2,100.00,0.00,0.00
3508,64,2,%usr,%sys,%idle
3509,64,2,100.00,0.00,0.00
3511,64,2,%usr,%sys,%idle
3512,64,2,100.00,0.00,0.00
3514,64,2,%usr,%sys,%idle
3515,64,2,100.00,0.00,0.00
3517,64,2,%usr,%sys,%idle
3518,64,2,100.00,0.00,0.00
3520,64,2,%usr,%sys,%idle
3521,64,2,100.00,0.00,0.00
3523,64,2,%usr,%sys,%idle
3524,64,2,100.00,0.00,0.00
3526,64,2,%usr,%sys,%idle
3527,64,2,100.00,0.00,0.00
3529,64,2,%usr,%sys,%idle
3530,64,2,100.00,0.00,0.00
3532,64,2,%usr,%sys,%idle
3533,64,2,100.00,0.00,0.00
3535,64,2,%usr,%sys,%idle
3536,64,2,100.00,0.00,0.00
3538,64,2,%usr,%sys,%idle
3539,64,2,100.00,0.00,0.00
3541,64,2,%usr,%sys,%idle
3542,64,2,100.00,0.00,0.00
3544,64,2,%usr,%sys,%idle
3545,64,2,100.00,0.00,0.00
3547,64,2,%usr,%sys,%idle
3548,64,2,100.00,0.00,0.00
3550,64,2,%usr,%sys,%idle
3551,64,2,100.00,0.00,0.00
3553,64,2,%usr,%sys,%idle
3554,64,2,100.00,0.00,0.00
3556,64,2,%usr,%sys,%idle
3557,64,2,100.00,0.00,0.00
3559,64,2,%usr,%sys,%idle
3560,64,2,100.00,0.00,0.00
3562,64,2,%usr,%sys,%idle
3563,64,2,100.00,0.00,0.00
3565,64,2,%usr,%sys,%idle
3566,64,2,100.00,0.00,0.00
3568,64,2,%usr,%sys,%idle
3569,64,2,100.00,0.00,0.00
3571,64,2,%usr,%sys,%idle
3572,64,2,100.00,0.00,0.00
3574,64,2,%usr,%sys,%idle
3575,64,2,100.00,0.00,0.00
3577,64,2,%usr,%sys,%idle
3578,64,2,100.00,0.00,0.00
3580,64,2,%usr,%sys,%idle
3581,64,2,100.00,0.00,0.00
3582,64,3,%usr,%sys,%idle
3583,64,3,93.00,0.00,7.00
3585,64,3,%usr,%sys,%idle
3586,64,3,100.00,0.00,0.00
3588,64,3,%usr,%sys,%idle
3589,64,3,100.00,0.00,0.00
3591,64,3,%usr,%sys,%idle
3592,64,3,100.00,0.00,0.00
3594,64,3,%usr,%sys,%idle
3595,64,3,100.00,0.00,0.00
3597,64,3,%usr,%sys,%idle
3598,64,3,100.00,0.00,0.00
3600,64,3,%usr,%sys,%idle
3601,64,3,100.00,0.00,0.00
3603,64,3,%usr,%sys,%idle
3604,64,3,100.00,0.00,0.00
3606,64,3,%usr,%sys,%idle
3607,64,3,100.00,0.00,0.00
3609,64,3,%usr,%sys,%idle
3610,64,3,100.00,0.00,0.00
3612,64,3,%usr,%sys,%idle
3613,64,3,100.00,0.00,0.00
3615,64,3,%usr,%sys,%idle
3616,64,3,100.00,0.00,0.00
3618,64,3,%usr,%sys,%idle
3619,64,3,100.00,0.00,0.00
3621,64,3,%usr,%sys,%idle
3622,64,3,100.00,0.00,0.00
3624,64,3,%usr,%sys,%idle
3625,64,3,100.00,0.00,0.00
3627,64,3,%usr,%sys,%idle
3628,64,3,100.00,0.00,0.00
3630,64,3,%usr,%sys,%idle
3631,64,3,100.00,0.00,0.00
3633,64,3,%usr,%sys,%idle
3634,64,3,100.00,0.00,0.00
3636,64,3,%usr,%sys,%idle
3637,64,3,100.00,0.00,0.00
3639,64,3,%usr,%sys,%idle
3640,64,3,100.00,0.00,0.00
3642,64,3,%usr,%sys,%idle
3643,64,3,100.00,0.00,0.00
3645,64,3,%usr,%sys,%idle
3646,64,3,100.00,0.00,0.00
3648,64,3,%usr,%sys,%idle
3649,64,3,100.00,0.00,0.00
3651,64,3,%usr,%sys,%idle
3652,64,3,100.00,0.00,0.00
3654,64,3,%usr,%sys,%idle
3655,64,3,100.00,0.00,0.00
3657,64,3,%usr,%sys,%idle
3658,64,3,100.00,0.00,0.00
3660,64,3,%usr,%sys,%idle
3661,64,3,100.00,0.00,0.00
3663,64,3,%usr,%sys,%idle
3664,64,3,100.00,0.00,0.00
3666,64,3,%usr,%sys,%idle
3667,64,3,100.00,0.00,0.00
3669,64,3,%usr,%sys,%idle
3670,64,3,100.00,0.00,0.00
3672,64,3,%usr,%sys,%idle
3673,64,3,100.00,0.00,0.00
3675,64,3,%usr,%sys,%idle
3676,64,3,100.00,0.00,0.00
3678,64,3,%usr,%sys,%idle
3679,64,3,100.00,0.00,0.00
3681,64,3,%usr,%sys,%idle
3682,64,3,100.00,0.00,0.00
3684,64,3,%usr,%sys,%idle
3685,64,3,100.00,0.00,0.00
3687,64,3,%usr,%sys,%idle
3688,64,3,100.00,0.00,0.00
3690,64,3,%usr,%sys,%idle
3691,64,3,100.00,0.00,0.00
3693,64,3,%usr,%sys,%idle
3694,64,3,100.00,0.00,0.00
3696,64,3,%usr,%sys,%idle
3697,64,3,100.00,0.00,0.00
3699,64,3,%usr,%sys,%idle
3700,64,3,100.00,0.00,0.00
3702,64,3,%usr,%sys,%idle
3703,64,3,100.00,0.00,0.00
3705,64,3,%usr,%sys,%idle
3706,64,3,100.00,0.00,0.00
3708,64,3,%usr,%sys,%idle
3709,64,3,100.00,0.00,0.00
3711,64,3,%usr,%sys,%idle
3712,64,3,100.00,0.00,0.00
3714,64,3,%usr,%sys,%idle
3715,64,3,100.00,0.00,0.00
3717,64,3,%usr,%sys,%idle
3718,64,3,100.00,0.00,0.00
3720,64,3,%usr,%sys,%idle
3721,64,3,100.00,0.00,0.00
3723,64,3,%usr,%sys,%idle
3724,64,3,100.00,0.00,0.00
3726,64,3,%usr,%sys,%idle
3727,64,3,100.00,0.00,0.00
3729,64,3,%usr,%sys,%idle
3730,64,3,100.00,0.00,0.00
3732,64,3,%usr,%sys,%idle
3733,64,3,100.00,0.00,0.00
3735,64,3,%usr,%sys,%idle
3736,64,3,100.00,0.00,0.00
3738,64,3,%usr,%sys,%idle
3739,64,3,100.00,0.00,0.00
3741,64,3,%usr,%sys,%idle
3742,64,3,100.00,0.00,0.00
3744,64,3,%usr,%sys,%idle
3745,64,3,100.00,0.00,0.00
3747,64,3,%usr,%sys,%idle
3748,64,3,100.00,0.00,0.00
3750,64,3,%usr,%sys,%idle
3751,64,3,100.00,0.00,0.00
3753,64,3,%usr,%sys,%idle
3754,64,3,100.00,0.00,0.00
3756,64,3,%usr,%sys,%idle
3757,64,3,100.00,0.00,0.00
3759,64,3,%usr,%sys,%idle
3760,64,3,100.00,0.00,0.00
